../Core/Src/ssd1306.c:59:9:SSD1306_Init	16	static
../Core/Src/ssd1306.c:145:6:SSD1306_UpdateScreen	16	static
../Core/Src/ssd1306.c:158:6:SSD1306_ToggleInvert	16	static
../Core/Src/ssd1306.c:170:6:SSD1306_Fill	16	static
../Core/Src/ssd1306.c:175:6:SSD1306_DrawPixel	16	static
../Core/Src/ssd1306.c:197:6:SSD1306_GotoXY	16	static
../Core/Src/ssd1306.c:203:6:SSD1306_Putc	32	static
../Core/Src/ssd1306.c:234:6:SSD1306_Puts	24	static
../Core/Src/ssd1306.c:252:6:SSD1306_DrawLine	40	static
../Core/Src/ssd1306.c:336:6:SSD1306_DrawRectangle	32	static
../Core/Src/ssd1306.c:361:6:SSD1306_DrawFilledRectangle	40	static
../Core/Src/ssd1306.c:388:6:SSD1306_DrawTriangle	32	static
../Core/Src/ssd1306.c:396:6:SSD1306_DrawFilledTriangle	64	static
../Core/Src/ssd1306.c:452:6:SSD1306_DrawCircle	40	static
../Core/Src/ssd1306.c:486:6:SSD1306_DrawFilledCircle	48	static
../Core/Src/ssd1306.c:518:6:SSD1306_ScrollRight	16	static
../Core/Src/ssd1306.c:531:6:SSD1306_ScrollLeft	16	static
../Core/Src/ssd1306.c:544:6:SSD1306_Scrolldiagright	16	static
../Core/Src/ssd1306.c:560:6:SSD1306_Scrolldiagleft	16	static
../Core/Src/ssd1306.c:576:6:SSD1306_Stopscroll	8	static
../Core/Src/ssd1306.c:583:6:SSD1306_InvertDisplay	16	static
../Core/Src/ssd1306.c:592:6:SSD1306_DrawBitmap	32	static
../Core/Src/ssd1306.c:615:6:SSD1306_Clear	8	static
../Core/Src/ssd1306.c:620:6:SSD1306_ON	8	static
../Core/Src/ssd1306.c:625:6:SSD1306_OFF	8	static
../Core/Src/ssd1306.c:641:6:ssd1306_I2C_Init	16	static
../Core/Src/ssd1306.c:653:6:ssd1306_I2C_WriteMulti	296	static
../Core/Src/ssd1306.c:663:6:ssd1306_I2C_Write	32	static
