../Core/Src/main.c:77:1:__io_putchar	16	static
../Core/Src/main.c:121:8:SPI_TransmitReceive	24	static
../Core/Src/main.c:88:5:main	296	static
../Core/Src/main.c:177:6:SystemClock_Config	96	static
../Core/Src/main.c:227:13:MX_SPI2_Init	8	static
../Core/Src/main.c:267:13:MX_TIM2_Init	48	static
../Core/Src/main.c:316:13:MX_USART2_UART_Init	8	static
../Core/Src/main.c:351:13:MX_GPIO_Init	48	static
../Core/Src/main.c:423:6:HAL_GPIO_EXTI_Callback	16	static
../Core/Src/main.c:432:6:Error_Handler	4	static,ignoring_inline_asm
