Archive member included to satisfy reference by file (symbol)

C:/Users/garbe/Desktop/Nouveau dossier/STM32CubeIDE_1.13.1/STM32CubeIDE/plugins/com.st.stm32cube.ide.mcu.externaltools.gnu-tools-for-stm32.13.3.rel1.win32_1.0.0.202411081344/tools/bin/../lib/gcc/arm-none-eabi/13.3.1/../../../../arm-none-eabi/lib/thumb/v7e-m+fp/hard\libc_nano.a(libc_a-exit.o)
                              C:/Users/garbe/Desktop/Nouveau dossier/STM32CubeIDE_1.13.1/STM32CubeIDE/plugins/com.st.stm32cube.ide.mcu.externaltools.gnu-tools-for-stm32.13.3.rel1.win32_1.0.0.202411081344/tools/bin/../lib/gcc/arm-none-eabi/13.3.1/../../../../arm-none-eabi/lib/thumb/v7e-m+fp/hard/crt0.o (exit)
C:/Users/garbe/Desktop/Nouveau dossier/STM32CubeIDE_1.13.1/STM32CubeIDE/plugins/com.st.stm32cube.ide.mcu.externaltools.gnu-tools-for-stm32.13.3.rel1.win32_1.0.0.202411081344/tools/bin/../lib/gcc/arm-none-eabi/13.3.1/../../../../arm-none-eabi/lib/thumb/v7e-m+fp/hard\libc_nano.a(libc_a-findfp.o)
                              C:/Users/garbe/Desktop/Nouveau dossier/STM32CubeIDE_1.13.1/STM32CubeIDE/plugins/com.st.stm32cube.ide.mcu.externaltools.gnu-tools-for-stm32.13.3.rel1.win32_1.0.0.202411081344/tools/bin/../lib/gcc/arm-none-eabi/13.3.1/../../../../arm-none-eabi/lib/thumb/v7e-m+fp/hard\libc_nano.a(libc_a-exit.o) (__stdio_exit_handler)
C:/Users/garbe/Desktop/Nouveau dossier/STM32CubeIDE_1.13.1/STM32CubeIDE/plugins/com.st.stm32cube.ide.mcu.externaltools.gnu-tools-for-stm32.13.3.rel1.win32_1.0.0.202411081344/tools/bin/../lib/gcc/arm-none-eabi/13.3.1/../../../../arm-none-eabi/lib/thumb/v7e-m+fp/hard\libc_nano.a(libc_a-fwalk.o)
                              C:/Users/garbe/Desktop/Nouveau dossier/STM32CubeIDE_1.13.1/STM32CubeIDE/plugins/com.st.stm32cube.ide.mcu.externaltools.gnu-tools-for-stm32.13.3.rel1.win32_1.0.0.202411081344/tools/bin/../lib/gcc/arm-none-eabi/13.3.1/../../../../arm-none-eabi/lib/thumb/v7e-m+fp/hard\libc_nano.a(libc_a-findfp.o) (_fwalk_sglue)
C:/Users/garbe/Desktop/Nouveau dossier/STM32CubeIDE_1.13.1/STM32CubeIDE/plugins/com.st.stm32cube.ide.mcu.externaltools.gnu-tools-for-stm32.13.3.rel1.win32_1.0.0.202411081344/tools/bin/../lib/gcc/arm-none-eabi/13.3.1/../../../../arm-none-eabi/lib/thumb/v7e-m+fp/hard\libc_nano.a(libc_a-printf.o)
                              ./Core/Src/RFID_Card_ReWr.o (printf)
C:/Users/garbe/Desktop/Nouveau dossier/STM32CubeIDE_1.13.1/STM32CubeIDE/plugins/com.st.stm32cube.ide.mcu.externaltools.gnu-tools-for-stm32.13.3.rel1.win32_1.0.0.202411081344/tools/bin/../lib/gcc/arm-none-eabi/13.3.1/../../../../arm-none-eabi/lib/thumb/v7e-m+fp/hard\libc_nano.a(libc_a-putchar.o)
                              ./Core/Src/RFID_Card_ReWr.o (putchar)
C:/Users/garbe/Desktop/Nouveau dossier/STM32CubeIDE_1.13.1/STM32CubeIDE/plugins/com.st.stm32cube.ide.mcu.externaltools.gnu-tools-for-stm32.13.3.rel1.win32_1.0.0.202411081344/tools/bin/../lib/gcc/arm-none-eabi/13.3.1/../../../../arm-none-eabi/lib/thumb/v7e-m+fp/hard\libc_nano.a(libc_a-puts.o)
                              ./Core/Src/RFID_Card_ReWr.o (puts)
C:/Users/garbe/Desktop/Nouveau dossier/STM32CubeIDE_1.13.1/STM32CubeIDE/plugins/com.st.stm32cube.ide.mcu.externaltools.gnu-tools-for-stm32.13.3.rel1.win32_1.0.0.202411081344/tools/bin/../lib/gcc/arm-none-eabi/13.3.1/../../../../arm-none-eabi/lib/thumb/v7e-m+fp/hard\libc_nano.a(libc_a-sprintf.o)
                              ./Core/Src/Screen.o (sprintf)
C:/Users/garbe/Desktop/Nouveau dossier/STM32CubeIDE_1.13.1/STM32CubeIDE/plugins/com.st.stm32cube.ide.mcu.externaltools.gnu-tools-for-stm32.13.3.rel1.win32_1.0.0.202411081344/tools/bin/../lib/gcc/arm-none-eabi/13.3.1/../../../../arm-none-eabi/lib/thumb/v7e-m+fp/hard\libc_nano.a(libc_a-stdio.o)
                              C:/Users/garbe/Desktop/Nouveau dossier/STM32CubeIDE_1.13.1/STM32CubeIDE/plugins/com.st.stm32cube.ide.mcu.externaltools.gnu-tools-for-stm32.13.3.rel1.win32_1.0.0.202411081344/tools/bin/../lib/gcc/arm-none-eabi/13.3.1/../../../../arm-none-eabi/lib/thumb/v7e-m+fp/hard\libc_nano.a(libc_a-findfp.o) (__sread)
C:/Users/garbe/Desktop/Nouveau dossier/STM32CubeIDE_1.13.1/STM32CubeIDE/plugins/com.st.stm32cube.ide.mcu.externaltools.gnu-tools-for-stm32.13.3.rel1.win32_1.0.0.202411081344/tools/bin/../lib/gcc/arm-none-eabi/13.3.1/../../../../arm-none-eabi/lib/thumb/v7e-m+fp/hard\libc_nano.a(libc_a-wbuf.o)
                              C:/Users/garbe/Desktop/Nouveau dossier/STM32CubeIDE_1.13.1/STM32CubeIDE/plugins/com.st.stm32cube.ide.mcu.externaltools.gnu-tools-for-stm32.13.3.rel1.win32_1.0.0.202411081344/tools/bin/../lib/gcc/arm-none-eabi/13.3.1/../../../../arm-none-eabi/lib/thumb/v7e-m+fp/hard\libc_nano.a(libc_a-puts.o) (__swbuf_r)
C:/Users/garbe/Desktop/Nouveau dossier/STM32CubeIDE_1.13.1/STM32CubeIDE/plugins/com.st.stm32cube.ide.mcu.externaltools.gnu-tools-for-stm32.13.3.rel1.win32_1.0.0.202411081344/tools/bin/../lib/gcc/arm-none-eabi/13.3.1/../../../../arm-none-eabi/lib/thumb/v7e-m+fp/hard\libc_nano.a(libc_a-wsetup.o)
[...]
Memory Configuration

Name             Origin             Length             Attributes
RAM              0x20000000         0x00018000         xrw
RAM2             0x10000000         0x00008000         xrw
FLASH            0x08000000         0x00100000         xr
*default*        0x00000000         0xffffffff

Linker script and memory map

LOAD C:/Users/garbe/Desktop/Nouveau dossier/STM32CubeIDE_1.13.1/STM32CubeIDE/plugins/com.st.stm32cube.ide.mcu.externaltools.gnu-tools-for-stm32.13.3.rel1.win32_1.0.0.202411081344/tools/bin/../lib/gcc/arm-none-eabi/13.3.1/thumb/v7e-m+fp/hard/crti.o
LOAD C:/Users/garbe/Desktop/Nouveau dossier/STM32CubeIDE_1.13.1/STM32CubeIDE/plugins/com.st.stm32cube.ide.mcu.externaltools.gnu-tools-for-stm32.13.3.rel1.win32_1.0.0.202411081344/tools/bin/../lib/gcc/arm-none-eabi/13.3.1/thumb/v7e-m+fp/hard/crtbegin.o
LOAD C:/Users/garbe/Desktop/Nouveau dossier/STM32CubeIDE_1.13.1/STM32CubeIDE/plugins/com.st.stm32cube.ide.mcu.externaltools.gnu-tools-for-stm32.13.3.rel1.win32_1.0.0.202411081344/tools/bin/../lib/gcc/arm-none-eabi/13.3.1/../../../../arm-none-eabi/lib/thumb/v7e-m+fp/hard/crt0.o
LOAD ./Core/Src/RFID_Card_ReWr.o
LOAD ./Core/Src/RFID_I2C.o
LOAD ./Core/Src/Screen.o
LOAD ./Core/Src/adc.o
LOAD ./Core/Src/bt.o
LOAD ./Core/Src/fonts.o
LOAD ./Core/Src/gpio.o
LOAD ./Core/Src/i2c.o
LOAD ./Core/Src/main.o
LOAD ./Core/Src/pn532.o
LOAD ./Core/Src/ssd1306.o
LOAD ./Core/Src/stm32l4xx_hal_msp.o
LOAD ./Core/Src/stm32l4xx_it.o
LOAD ./Core/Src/syscalls.o
LOAD ./Core/Src/sysmem.o
LOAD ./Core/Src/system_stm32l4xx.o
LOAD ./Core/Src/tim.o
LOAD ./Core/Src/usart.o
LOAD ./Core/Startup/startup_stm32l476rgtx.o
LOAD ./Drivers/STM32L4xx_HAL_Driver/Src/stm32l4xx_hal.o
LOAD ./Drivers/STM32L4xx_HAL_Driver/Src/stm32l4xx_hal_adc.o
LOAD ./Drivers/STM32L4xx_HAL_Driver/Src/stm32l4xx_hal_adc_ex.o
LOAD ./Drivers/STM32L4xx_HAL_Driver/Src/stm32l4xx_hal_cortex.o
LOAD ./Drivers/STM32L4xx_HAL_Driver/Src/stm32l4xx_hal_dma.o
LOAD ./Drivers/STM32L4xx_HAL_Driver/Src/stm32l4xx_hal_dma_ex.o
LOAD ./Drivers/STM32L4xx_HAL_Driver/Src/stm32l4xx_hal_exti.o
LOAD ./Drivers/STM32L4xx_HAL_Driver/Src/stm32l4xx_hal_flash.o
LOAD ./Drivers/STM32L4xx_HAL_Driver/Src/stm32l4xx_hal_flash_ex.o
LOAD ./Drivers/STM32L4xx_HAL_Driver/Src/stm32l4xx_hal_flash_ramfunc.o
LOAD ./Drivers/STM32L4xx_HAL_Driver/Src/stm32l4xx_hal_gpio.o
LOAD ./Drivers/STM32L4xx_HAL_Driver/Src/stm32l4xx_hal_i2c.o
LOAD ./Drivers/STM32L4xx_HAL_Driver/Src/stm32l4xx_hal_i2c_ex.o
LOAD ./Drivers/STM32L4xx_HAL_Driver/Src/stm32l4xx_hal_pwr.o
LOAD ./Drivers/STM32L4xx_HAL_Driver/Src/stm32l4xx_hal_pwr_ex.o
LOAD ./Drivers/STM32L4xx_HAL_Driver/Src/stm32l4xx_hal_rcc.o
LOAD ./Drivers/STM32L4xx_HAL_Driver/Src/stm32l4xx_hal_rcc_ex.o
LOAD ./Drivers/STM32L4xx_HAL_Driver/Src/stm32l4xx_hal_tim.o
LOAD ./Drivers/STM32L4xx_HAL_Driver/Src/stm32l4xx_hal_tim_ex.o
LOAD ./Drivers/STM32L4xx_HAL_Driver/Src/stm32l4xx_hal_uart.o
LOAD ./Drivers/STM32L4xx_HAL_Driver/Src/stm32l4xx_hal_uart_ex.o
START GROUP
LOAD C:/Users/garbe/Desktop/Nouveau dossier/STM32CubeIDE_1.13.1/STM32CubeIDE/plugins/com.st.stm32cube.ide.mcu.externaltools.gnu-tools-for-stm32.13.3.rel1.win32_1.0.0.202411081344/tools/bin/../lib/gcc/arm-none-eabi/13.3.1/../../../../arm-none-eabi/lib/thumb/v7e-m+fp/hard\libc_nano.a
LOAD C:/Users/garbe/Desktop/Nouveau dossier/STM32CubeIDE_1.13.1/STM32CubeIDE/plugins/com.st.stm32cube.ide.mcu.externaltools.gnu-tools-for-stm32.13.3.rel1.win32_1.0.0.202411081344/tools/bin/../lib/gcc/arm-none-eabi/13.3.1/../../../../arm-none-eabi/lib/thumb/v7e-m+fp/hard\libm.a
END GROUP
START GROUP
LOAD C:/Users/garbe/Desktop/Nouveau dossier/STM32CubeIDE_1.13.1/STM32CubeIDE/plugins/com.st.stm32cube.ide.mcu.externaltools.gnu-tools-for-stm32.13.3.rel1.win32_1.0.0.202411081344/tools/bin/../lib/gcc/arm-none-eabi/13.3.1/thumb/v7e-m+fp/hard\libgcc.a
LOAD C:/Users/garbe/Desktop/Nouveau dossier/STM32CubeIDE_1.13.1/STM32CubeIDE/plugins/com.st.stm32cube.ide.mcu.externaltools.gnu-tools-for-stm32.13.3.rel1.win32_1.0.0.202411081344/tools/bin/../lib/gcc/arm-none-eabi/13.3.1/../../../../arm-none-eabi/lib/thumb/v7e-m+fp/hard\libc_nano.a
END GROUP
START GROUP
LOAD C:/Users/garbe/Desktop/Nouveau dossier/STM32CubeIDE_1.13.1/STM32CubeIDE/plugins/com.st.stm32cube.ide.mcu.externaltools.gnu-tools-for-stm32.13.3.rel1.win32_1.0.0.202411081344/tools/bin/../lib/gcc/arm-none-eabi/13.3.1/thumb/v7e-m+fp/hard\libgcc.a
LOAD C:/Users/garbe/Desktop/Nouveau dossier/STM32CubeIDE_1.13.1/STM32CubeIDE/plugins/com.st.stm32cube.ide.mcu.externaltools.gnu-tools-for-stm32.13.3.rel1.win32_1.0.0.202411081344/tools/bin/../lib/gcc/arm-none-eabi/13.3.1/../../../../arm-none-eabi/lib/thumb/v7e-m+fp/hard\libc_nano.a
LOAD C:/Users/garbe/Desktop/Nouveau dossier/STM32CubeIDE_1.13.1/STM32CubeIDE/plugins/com.st.stm32cube.ide.mcu.externaltools.gnu-tools-for-stm32.13.3.rel1.win32_1.0.0.202411081344/tools/bin/../lib/gcc/arm-none-eabi/13.3.1/../../../../arm-none-eabi/lib/thumb/v7e-m+fp/hard\libnosys.a
END GROUP
START GROUP
LOAD C:/Users/garbe/Desktop/Nouveau dossier/STM32CubeIDE_1.13.1/STM32CubeIDE/plugins/com.st.stm32cube.ide.mcu.externaltools.gnu-tools-for-stm32.13.3.rel1.win32_1.0.0.202411081344/tools/bin/../lib/gcc/arm-none-eabi/13.3.1/thumb/v7e-m+fp/hard\libgcc.a
LOAD C:/Users/garbe/Desktop/Nouveau dossier/STM32CubeIDE_1.13.1/STM32CubeIDE/plugins/com.st.stm32cube.ide.mcu.externaltools.gnu-tools-for-stm32.13.3.rel1.win32_1.0.0.202411081344/tools/bin/../lib/gcc/arm-none-eabi/13.3.1/../../../../arm-none-eabi/lib/thumb/v7e-m+fp/hard\libc_nano.a
LOAD C:/Users/garbe/Desktop/Nouveau dossier/STM32CubeIDE_1.13.1/STM32CubeIDE/plugins/com.st.stm32cube.ide.mcu.externaltools.gnu-tools-for-stm32.13.3.rel1.win32_1.0.0.202411081344/tools/bin/../lib/gcc/arm-none-eabi/13.3.1/../../../../arm-none-eabi/lib/thumb/v7e-m+fp/hard\libnosys.a
END GROUP
LOAD C:/Users/garbe/Desktop/Nouveau dossier/STM32CubeIDE_1.13.1/STM32CubeIDE/plugins/com.st.stm32cube.ide.mcu.externaltools.gnu-tools-for-stm32.13.3.rel1.win32_1.0.0.202411081344/tools/bin/../lib/gcc/arm-none-eabi/13.3.1/thumb/v7e-m+fp/hard/crtend.o
LOAD C:/Users/garbe/Desktop/Nouveau dossier/STM32CubeIDE_1.13.1/STM32CubeIDE/plugins/com.st.stm32cube.ide.mcu.externaltools.gnu-tools-for-stm32.13.3.rel1.win32_1.0.0.202411081344/tools/bin/../lib/gcc/arm-none-eabi/13.3.1/thumb/v7e-m+fp/hard/crtn.o
                0x20018000                        _estack = (ORIGIN (RAM) + LENGTH (RAM))
                0x00000200                        _Min_Heap_Size = 0x200
                0x00000400                        _Min_Stack_Size = 0x400

.isr_vector     0x08000000      0x188
                0x08000000                        . = ALIGN (0x4)
 *(.isr_vector)
 .isr_vector    0x08000000      0x188 ./Core/Startup/startup_stm32l476rgtx.o
                0x08000000                g_pfnVectors
                0x08000188                        . = ALIGN (0x4)

.text           0x08000190     0x923c
                0x08000190                        . = ALIGN (0x4)
 *(.text)
 .text          0x08000190       0x40 C:/Users/garbe/Desktop/Nouveau dossier/STM32CubeIDE_1.13.1/STM32CubeIDE/plugins/com.st.stm32cube.ide.mcu.externaltools.gnu-tools-for-stm32.13.3.rel1.win32_1.0.0.202411081344/tools/bin/../lib/gcc/arm-none-eabi/13.3.1/thumb/v7e-m+fp/hard/crtbegin.o
 .text          0x080001d0       0xa0 C:/Users/garbe/Desktop/Nouveau dossier/STM32CubeIDE_1.13.1/STM32CubeIDE/plugins/com.st.stm32cube.ide.mcu.externaltools.gnu-tools-for-stm32.13.3.rel1.win32_1.0.0.202411081344/tools/bin/../lib/gcc/arm-none-eabi/13.3.1/../../../../arm-none-eabi/lib/thumb/v7e-m+fp/hard\libc_nano.a(libc_a-memchr.o)
                0x080001d0                memchr
 .text          0x08000270       0x30 C:/Users/garbe/Desktop/Nouveau dossier/STM32CubeIDE_1.13.1/STM32CubeIDE/plugins/com.st.stm32cube.ide.mcu.externaltools.gnu-tools-for-stm32.13.3.rel1.win32_1.0.0.202411081344/tools/bin/../lib/gcc/arm-none-eabi/13.3.1/thumb/v7e-m+fp/hard\libgcc.a(_aeabi_uldivmod.o)
                0x08000270                __aeabi_uldivmod
 .text          0x080002a0      0x2f8 C:/Users/garbe/Desktop/Nouveau dossier/STM32CubeIDE_1.13.1/STM32CubeIDE/plugins/com.st.stm32cube.ide.mcu.externaltools.gnu-tools-for-stm32.13.3.rel1.win32_1.0.0.202411081344/tools/bin/../lib/gcc/arm-none-eabi/13.3.1/thumb/v7e-m+fp/hard\libgcc.a(_udivmoddi4.o)
                0x080002a0                __udivmoddi4
 .text          0x08000598        0x4 C:/Users/garbe/Desktop/Nouveau dossier/STM32CubeIDE_1.13.1/STM32CubeIDE/plugins/com.st.stm32cube.ide.mcu.externaltools.gnu-tools-for-stm32.13.3.rel1.win32_1.0.0.202411081344/tools/bin/../lib/gcc/arm-none-eabi/13.3.1/thumb/v7e-m+fp/hard\libgcc.a(_dvmd_tls.o)
                0x08000598                __aeabi_idiv0
                0x08000598                __aeabi_ldiv0
 *(.text*)
 .text.RFID_init
                0x0800059c       0x58 ./Core/Src/RFID_Card_ReWr.o
                0x0800059c                RFID_init
 .text.RFID_Get_UID_Card
                0x080005f4       0x80 ./Core/Src/RFID_Card_ReWr.o
                0x080005f4                RFID_Get_UID_Card
 .text.PN532_Reset
                0x08000674       0x40 ./Core/Src/RFID_I2C.o
                0x08000674                PN532_Reset
 .text.PN532_Log
                0x080006b4       0x1c ./Core/Src/RFID_I2C.o
                0x080006b4                PN532_Log
 .text.i2c_read
                0x080006d0       0x28 ./Core/Src/RFID_I2C.o
                0x080006d0                i2c_read
 .text.i2c_write
                0x080006f8       0x28 ./Core/Src/RFID_I2C.o
                0x080006f8                i2c_write
 .text.PN532_I2C_ReadData
                0x08000720       0xbe ./Core/Src/RFID_I2C.o
                0x08000720                PN532_I2C_ReadData
 .text.PN532_I2C_WriteData
                0x080007de       0x20 ./Core/Src/RFID_I2C.o
                0x080007de                PN532_I2C_WriteData
 .text.PN532_I2C_WaitReady
                0x080007fe       0x4a ./Core/Src/RFID_I2C.o
                0x080007fe                PN532_I2C_WaitReady
 .text.PN532_I2C_Wakeup
                0x08000848       0x40 ./Core/Src/RFID_I2C.o
                0x08000848                PN532_I2C_Wakeup
 .text.PN532_I2C_Init
                0x08000888       0x54 ./Core/Src/RFID_I2C.o
                0x08000888                PN532_I2C_Init
 .text.Initialisation
                0x080008dc       0x48 ./Core/Src/Screen.o
                0x080008dc                Initialisation
 .text.Default_Use
                0x08000924       0x80 ./Core/Src/Screen.o
                0x08000924                Default_Use
 .text.MX_ADC1_Init
                0x080009a4       0xec ./Core/Src/adc.o
                0x080009a4                MX_ADC1_Init
 .text.HAL_ADC_MspInit
                0x08000a90       0xd4 ./Core/Src/adc.o
                0x08000a90                HAL_ADC_MspInit
 .text.MX_GPIO_Init
                0x08000b64      0x200 ./Core/Src/gpio.o
                0x08000b64                MX_GPIO_Init
 .text.MX_I2C1_Init
                0x08000d64       0x80 ./Core/Src/i2c.o
                0x08000d64                MX_I2C1_Init
 .text.MX_I2C2_Init
                0x08000de4       0x80 ./Core/Src/i2c.o
                0x08000de4                MX_I2C2_Init
 .text.HAL_I2C_MspInit
                0x08000e64      0x144 ./Core/Src/i2c.o
                0x08000e64                HAL_I2C_MspInit
 .text.__io_putchar
                0x08000fa8       0x24 ./Core/Src/main.o
                0x08000fa8                __io_putchar
 .text.main     0x08000fcc       0x50 ./Core/Src/main.o
                0x08000fcc                main
 .text.SystemClock_Config
                0x0800101c       0xa2 ./Core/Src/main.o
                0x0800101c                SystemClock_Config
 .text.Error_Handler
                0x080010be        0xc ./Core/Src/main.o
                0x080010be                Error_Handler
 .text.PN532_WriteFrame
                0x080010ca      0x1a6 ./Core/Src/pn532.o
                0x080010ca                PN532_WriteFrame
 .text.PN532_ReadFrame
                0x08001270      0x1fc ./Core/Src/pn532.o
                0x08001270                PN532_ReadFrame
 .text.PN532_CallFunction
                0x0800146c      0x24c ./Core/Src/pn532.o
                0x0800146c                PN532_CallFunction
 .text.PN532_GetFirmwareVersion
                0x080016b8       0x48 ./Core/Src/pn532.o
                0x080016b8                PN532_GetFirmwareVersion
 .text.PN532_SamConfiguration
                0x08001700       0x44 ./Core/Src/pn532.o
                0x08001700                PN532_SamConfiguration
 .text.PN532_ReadPassiveTarget
                0x08001744       0xb4 ./Core/Src/pn532.o
                0x08001744                PN532_ReadPassiveTarget
 .text.SSD1306_Init
                0x080017f8      0x188 ./Core/Src/ssd1306.o
                0x080017f8                SSD1306_Init
 .text.SSD1306_UpdateScreen
                0x08001980       0x5c ./Core/Src/ssd1306.o
                0x08001980                SSD1306_UpdateScreen
 .text.SSD1306_Fill
                0x080019dc       0x30 ./Core/Src/ssd1306.o
                0x080019dc                SSD1306_Fill
 .text.SSD1306_DrawPixel
                0x08001a0c       0xc0 ./Core/Src/ssd1306.o
                0x08001a0c                SSD1306_DrawPixel
 .text.SSD1306_GotoXY
                0x08001acc       0x2c ./Core/Src/ssd1306.o
                0x08001acc                SSD1306_GotoXY
 .text.SSD1306_Putc
                0x08001af8       0xfc ./Core/Src/ssd1306.o
                0x08001af8                SSD1306_Putc
 .text.SSD1306_Puts
                0x08001bf4       0x4a ./Core/Src/ssd1306.o
                0x08001bf4                SSD1306_Puts
 .text.SSD1306_DrawBitmap
                0x08001c3e       0xd0 ./Core/Src/ssd1306.o
                0x08001c3e                SSD1306_DrawBitmap
 *fill*         0x08001d0e        0x2 
 .text.ssd1306_I2C_Init
                0x08001d10       0x2c ./Core/Src/ssd1306.o
                0x08001d10                ssd1306_I2C_Init
 .text.ssd1306_I2C_WriteMulti
                0x08001d3c       0xcc ./Core/Src/ssd1306.o
                0x08001d3c                ssd1306_I2C_WriteMulti
 .text.ssd1306_I2C_Write
                0x08001e08       0x3c ./Core/Src/ssd1306.o
                0x08001e08                ssd1306_I2C_Write
 .text.HAL_MspInit
                0x08001e44       0x48 ./Core/Src/stm32l4xx_hal_msp.o
                0x08001e44                HAL_MspInit
 .text.NMI_Handler
                0x08001e8c        0x8 ./Core/Src/stm32l4xx_it.o
                0x08001e8c                NMI_Handler
 .text.HardFault_Handler
                0x08001e94        0x8 ./Core/Src/stm32l4xx_it.o
                0x08001e94                HardFault_Handler
 .text.MemManage_Handler
                0x08001e9c        0x8 ./Core/Src/stm32l4xx_it.o
                0x08001e9c                MemManage_Handler
 .text.BusFault_Handler
                0x08001ea4        0x8 ./Core/Src/stm32l4xx_it.o
                0x08001ea4                BusFault_Handler
 .text.UsageFault_Handler
                0x08001eac        0x8 ./Core/Src/stm32l4xx_it.o
                0x08001eac                UsageFault_Handler
 .text.SVC_Handler
                0x08001eb4        0xe ./Core/Src/stm32l4xx_it.o
                0x08001eb4                SVC_Handler
 .text.DebugMon_Handler
                0x08001ec2        0xe ./Core/Src/stm32l4xx_it.o
                0x08001ec2                DebugMon_Handler
 .text.PendSV_Handler
                0x08001ed0        0xe ./Core/Src/stm32l4xx_it.o
                0x08001ed0                PendSV_Handler
 .text.SysTick_Handler
                0x08001ede        0xc ./Core/Src/stm32l4xx_it.o
                0x08001ede                SysTick_Handler
 *fill*         0x08001eea        0x2 
 .text.USART2_IRQHandler
                0x08001eec       0x14 ./Core/Src/stm32l4xx_it.o
                0x08001eec                USART2_IRQHandler
 .text.UART5_IRQHandler
                0x08001f00       0x14 ./Core/Src/stm32l4xx_it.o
                0x08001f00                UART5_IRQHandler
 .text._read    0x08001f14       0x3a ./Core/Src/syscalls.o
                0x08001f14                _read
 .text._write   0x08001f4e       0x38 ./Core/Src/syscalls.o
                0x08001f4e                _write
 .text._close   0x08001f86       0x18 ./Core/Src/syscalls.o
                0x08001f86                _close
 .text._fstat   0x08001f9e       0x20 ./Core/Src/syscalls.o
                0x08001f9e                _fstat
 .text._isatty  0x08001fbe       0x16 ./Core/Src/syscalls.o
                0x08001fbe                _isatty
 .text._lseek   0x08001fd4       0x1a ./Core/Src/syscalls.o
                0x08001fd4                _lseek
 *fill*         0x08001fee        0x2 
 .text._sbrk    0x08001ff0       0x6c ./Core/Src/sysmem.o
                0x08001ff0                _sbrk
 .text.SystemInit
                0x0800205c       0x24 ./Core/Src/system_stm32l4xx.o
                0x0800205c                SystemInit
 .text.MX_TIM2_Init
                0x08002080       0xec ./Core/Src/tim.o
                0x08002080                MX_TIM2_Init
 .text.HAL_TIM_Base_MspInit
                0x0800216c       0x3c ./Core/Src/tim.o
                0x0800216c                HAL_TIM_Base_MspInit
 .text.HAL_TIM_MspPostInit
                0x080021a8       0x68 ./Core/Src/tim.o
                0x080021a8                HAL_TIM_MspPostInit
 .text.MX_UART5_Init
                0x08002210       0x60 ./Core/Src/usart.o
                0x08002210                MX_UART5_Init
 .text.MX_USART2_UART_Init
                0x08002270       0x60 ./Core/Src/usart.o
                0x08002270                MX_USART2_UART_Init
 .text.HAL_UART_MspInit
                0x080022d0      0x1ac ./Core/Src/usart.o
                0x080022d0                HAL_UART_MspInit
 .text.Reset_Handler
                0x0800247c       0x50 ./Core/Startup/startup_stm32l476rgtx.o
                0x0800247c                Reset_Handler
 .text.Default_Handler
                0x080024cc        0x2 ./Core/Startup/startup_stm32l476rgtx.o
                0x080024cc                RTC_Alarm_IRQHandler
                0x080024cc                EXTI2_IRQHandler
                0x080024cc                TIM8_TRG_COM_IRQHandler
                0x080024cc                TIM8_CC_IRQHandler
                0x080024cc                TIM1_CC_IRQHandler
                0x080024cc                TSC_IRQHandler
                0x080024cc                TAMP_STAMP_IRQHandler
                0x080024cc                EXTI3_IRQHandler
                0x080024cc                LPTIM2_IRQHandler
                0x080024cc                DFSDM1_FLT1_IRQHandler
                0x080024cc                I2C3_ER_IRQHandler
                0x080024cc                DFSDM1_FLT2_IRQHandler
                0x080024cc                EXTI0_IRQHandler
                0x080024cc                I2C2_EV_IRQHandler
                0x080024cc                CAN1_RX0_IRQHandler
                0x080024cc                FPU_IRQHandler
                0x080024cc                TIM1_UP_TIM16_IRQHandler
                0x080024cc                ADC1_2_IRQHandler
                0x080024cc                SPI1_IRQHandler
                0x080024cc                TIM6_DAC_IRQHandler
                0x080024cc                TIM8_UP_IRQHandler
                0x080024cc                DMA2_Channel2_IRQHandler
                0x080024cc                DMA1_Channel4_IRQHandler
                0x080024cc                SAI2_IRQHandler
                0x080024cc                DFSDM1_FLT3_IRQHandler
                0x080024cc                USART3_IRQHandler
                0x080024cc                DMA1_Channel7_IRQHandler
                0x080024cc                CAN1_RX1_IRQHandler
                0x080024cc                LCD_IRQHandler
                0x080024cc                ADC3_IRQHandler
                0x080024cc                TIM4_IRQHandler
                0x080024cc                DMA2_Channel1_IRQHandler
                0x080024cc                QUADSPI_IRQHandler
                0x080024cc                I2C1_EV_IRQHandler
                0x080024cc                DMA1_Channel6_IRQHandler
                0x080024cc                UART4_IRQHandler
                0x080024cc                DMA2_Channel4_IRQHandler
                0x080024cc                TIM3_IRQHandler
                0x080024cc                RCC_IRQHandler
                0x080024cc                DMA1_Channel1_IRQHandler
                0x080024cc                Default_Handler
                0x080024cc                DMA2_Channel7_IRQHandler
                0x080024cc                EXTI15_10_IRQHandler
                0x080024cc                TIM7_IRQHandler
                0x080024cc                SDMMC1_IRQHandler
                0x080024cc                TIM5_IRQHandler
                0x080024cc                I2C3_EV_IRQHandler
                0x080024cc                EXTI9_5_IRQHandler
                0x080024cc                RTC_WKUP_IRQHandler
                0x080024cc                PVD_PVM_IRQHandler
                0x080024cc                SPI2_IRQHandler
                0x080024cc                CAN1_TX_IRQHandler
                0x080024cc                DMA2_Channel5_IRQHandler
                0x080024cc                DMA1_Channel5_IRQHandler
                0x080024cc                EXTI4_IRQHandler
                0x080024cc                RNG_IRQHandler
                0x080024cc                TIM1_TRG_COM_TIM17_IRQHandler
                0x080024cc                DMA1_Channel3_IRQHandler
                0x080024cc                COMP_IRQHandler
                0x080024cc                WWDG_IRQHandler
                0x080024cc                LPUART1_IRQHandler
                0x080024cc                DMA2_Channel6_IRQHandler
                0x080024cc                TIM2_IRQHandler
                0x080024cc                EXTI1_IRQHandler
                0x080024cc                DFSDM1_FLT0_IRQHandler
                0x080024cc                I2C2_ER_IRQHandler
                0x080024cc                DMA1_Channel2_IRQHandler
                0x080024cc                TIM8_BRK_IRQHandler
                0x080024cc                CAN1_SCE_IRQHandler
                0x080024cc                FLASH_IRQHandler
                0x080024cc                USART1_IRQHandler
                0x080024cc                OTG_FS_IRQHandler
                0x080024cc                SPI3_IRQHandler
                0x080024cc                I2C1_ER_IRQHandler
                0x080024cc                FMC_IRQHandler
                0x080024cc                SWPMI1_IRQHandler
                0x080024cc                LPTIM1_IRQHandler
                0x080024cc                SAI1_IRQHandler
                0x080024cc                DMA2_Channel3_IRQHandler
                0x080024cc                TIM1_BRK_TIM15_IRQHandler
 .text.HAL_Init
                0x080024ce       0x30 ./Drivers/STM32L4xx_HAL_Driver/Src/stm32l4xx_hal.o
                0x080024ce                HAL_Init
 *fill*         0x080024fe        0x2 
 .text.HAL_InitTick
                0x08002500       0x78 ./Drivers/STM32L4xx_HAL_Driver/Src/stm32l4xx_hal.o
                0x08002500                HAL_InitTick
 .text.HAL_IncTick
                0x08002578       0x28 ./Drivers/STM32L4xx_HAL_Driver/Src/stm32l4xx_hal.o
                0x08002578                HAL_IncTick
 .text.HAL_GetTick
                0x080025a0       0x18 ./Drivers/STM32L4xx_HAL_Driver/Src/stm32l4xx_hal.o
                0x080025a0                HAL_GetTick
 .text.HAL_Delay
                0x080025b8       0x48 ./Drivers/STM32L4xx_HAL_Driver/Src/stm32l4xx_hal.o
                0x080025b8                HAL_Delay
 .text.LL_ADC_SetCommonClock
                0x08002600       0x26 ./Drivers/STM32L4xx_HAL_Driver/Src/stm32l4xx_hal_adc.o
 .text.LL_ADC_SetCommonPathInternalCh
                0x08002626       0x26 ./Drivers/STM32L4xx_HAL_Driver/Src/stm32l4xx_hal_adc.o
 .text.LL_ADC_GetCommonPathInternalCh
                0x0800264c       0x1c ./Drivers/STM32L4xx_HAL_Driver/Src/stm32l4xx_hal_adc.o
 .text.LL_ADC_SetOffset
                0x08002668       0x48 ./Drivers/STM32L4xx_HAL_Driver/Src/stm32l4xx_hal_adc.o
 .text.LL_ADC_GetOffsetChannel
                0x080026b0       0x2c ./Drivers/STM32L4xx_HAL_Driver/Src/stm32l4xx_hal_adc.o
 .text.LL_ADC_SetOffsetState
                0x080026dc       0x36 ./Drivers/STM32L4xx_HAL_Driver/Src/stm32l4xx_hal_adc.o
 .text.LL_ADC_REG_SetSequencerRanks
                0x08002712       0x58 ./Drivers/STM32L4xx_HAL_Driver/Src/stm32l4xx_hal_adc.o
 .text.LL_ADC_SetChannelSamplingTime
                0x0800276a       0x56 ./Drivers/STM32L4xx_HAL_Driver/Src/stm32l4xx_hal_adc.o
 .text.LL_ADC_SetChannelSingleDiff
                0x080027c0       0x48 ./Drivers/STM32L4xx_HAL_Driver/Src/stm32l4xx_hal_adc.o
 .text.LL_ADC_DisableDeepPowerDown
                0x08002808       0x24 ./Drivers/STM32L4xx_HAL_Driver/Src/stm32l4xx_hal_adc.o
 .text.LL_ADC_IsDeepPowerDownEnabled
                0x0800282c       0x28 ./Drivers/STM32L4xx_HAL_Driver/Src/stm32l4xx_hal_adc.o
 .text.LL_ADC_EnableInternalRegulator
                0x08002854       0x28 ./Drivers/STM32L4xx_HAL_Driver/Src/stm32l4xx_hal_adc.o
 .text.LL_ADC_IsInternalRegulatorEnabled
                0x0800287c       0x28 ./Drivers/STM32L4xx_HAL_Driver/Src/stm32l4xx_hal_adc.o
 .text.LL_ADC_IsEnabled
                0x080028a4       0x26 ./Drivers/STM32L4xx_HAL_Driver/Src/stm32l4xx_hal_adc.o
 .text.LL_ADC_REG_IsConversionOngoing
                0x080028ca       0x26 ./Drivers/STM32L4xx_HAL_Driver/Src/stm32l4xx_hal_adc.o
 .text.LL_ADC_INJ_IsConversionOngoing
                0x080028f0       0x26 ./Drivers/STM32L4xx_HAL_Driver/Src/stm32l4xx_hal_adc.o
 *fill*         0x08002916        0x2 
 .text.HAL_ADC_Init
                0x08002918      0x2a0 ./Drivers/STM32L4xx_HAL_Driver/Src/stm32l4xx_hal_adc.o
                0x08002918                HAL_ADC_Init
 .text.HAL_ADC_ConfigChannel
                0x08002bb8      0x7e4 ./Drivers/STM32L4xx_HAL_Driver/Src/stm32l4xx_hal_adc.o
                0x08002bb8                HAL_ADC_ConfigChannel
 .text.LL_ADC_IsEnabled
                0x0800339c       0x26 ./Drivers/STM32L4xx_HAL_Driver/Src/stm32l4xx_hal_adc_ex.o
 .text.LL_ADC_REG_IsConversionOngoing
                0x080033c2       0x26 ./Drivers/STM32L4xx_HAL_Driver/Src/stm32l4xx_hal_adc_ex.o
 .text.HAL_ADCEx_MultiModeConfigChannel
                0x080033e8      0x160 ./Drivers/STM32L4xx_HAL_Driver/Src/stm32l4xx_hal_adc_ex.o
                0x080033e8                HAL_ADCEx_MultiModeConfigChannel
 .text.__NVIC_SetPriorityGrouping
                0x08003548       0x48 ./Drivers/STM32L4xx_HAL_Driver/Src/stm32l4xx_hal_cortex.o
 .text.__NVIC_GetPriorityGrouping
                0x08003590       0x1c ./Drivers/STM32L4xx_HAL_Driver/Src/stm32l4xx_hal_cortex.o
 .text.__NVIC_EnableIRQ
                0x080035ac       0x3c ./Drivers/STM32L4xx_HAL_Driver/Src/stm32l4xx_hal_cortex.o
 .text.__NVIC_SetPriority
                0x080035e8       0x54 ./Drivers/STM32L4xx_HAL_Driver/Src/stm32l4xx_hal_cortex.o
 .text.NVIC_EncodePriority
                0x0800363c       0x66 ./Drivers/STM32L4xx_HAL_Driver/Src/stm32l4xx_hal_cortex.o
 *fill*         0x080036a2        0x2 
 .text.SysTick_Config
                0x080036a4       0x44 ./Drivers/STM32L4xx_HAL_Driver/Src/stm32l4xx_hal_cortex.o
 .text.HAL_NVIC_SetPriorityGrouping
                0x080036e8       0x16 ./Drivers/STM32L4xx_HAL_Driver/Src/stm32l4xx_hal_cortex.o
                0x080036e8                HAL_NVIC_SetPriorityGrouping
 .text.HAL_NVIC_SetPriority
                0x080036fe       0x38 ./Drivers/STM32L4xx_HAL_Driver/Src/stm32l4xx_hal_cortex.o
                0x080036fe                HAL_NVIC_SetPriority
 .text.HAL_NVIC_EnableIRQ
                0x08003736       0x1c ./Drivers/STM32L4xx_HAL_Driver/Src/stm32l4xx_hal_cortex.o
                0x08003736                HAL_NVIC_EnableIRQ
 .text.HAL_SYSTICK_Config
                0x08003752       0x18 ./Drivers/STM32L4xx_HAL_Driver/Src/stm32l4xx_hal_cortex.o
                0x08003752                HAL_SYSTICK_Config
 .text.HAL_DMA_Abort
                0x0800376a       0x7c ./Drivers/STM32L4xx_HAL_Driver/Src/stm32l4xx_hal_dma.o
                0x0800376a                HAL_DMA_Abort
 .text.HAL_DMA_Abort_IT
                0x080037e6       0x82 ./Drivers/STM32L4xx_HAL_Driver/Src/stm32l4xx_hal_dma.o
                0x080037e6                HAL_DMA_Abort_IT
 .text.HAL_GPIO_Init
                0x08003868      0x354 ./Drivers/STM32L4xx_HAL_Driver/Src/stm32l4xx_hal_gpio.o
                0x08003868                HAL_GPIO_Init
 .text.HAL_GPIO_WritePin
                0x08003bbc       0x30 ./Drivers/STM32L4xx_HAL_Driver/Src/stm32l4xx_hal_gpio.o
                0x08003bbc                HAL_GPIO_WritePin
 .text.HAL_I2C_Init
                0x08003bec      0x136 ./Drivers/STM32L4xx_HAL_Driver/Src/stm32l4xx_hal_i2c.o
                0x08003bec                HAL_I2C_Init
 *fill*         0x08003d22        0x2 
 .text.HAL_I2C_Master_Transmit
                0x08003d24      0x230 ./Drivers/STM32L4xx_HAL_Driver/Src/stm32l4xx_hal_i2c.o
                0x08003d24                HAL_I2C_Master_Transmit
 .text.HAL_I2C_Master_Receive
                0x08003f54      0x1ec ./Drivers/STM32L4xx_HAL_Driver/Src/stm32l4xx_hal_i2c.o
                0x08003f54                HAL_I2C_Master_Receive
 .text.HAL_I2C_IsDeviceReady
                0x08004140      0x1d8 ./Drivers/STM32L4xx_HAL_Driver/Src/stm32l4xx_hal_i2c.o
                0x08004140                HAL_I2C_IsDeviceReady
 .text.I2C_Flush_TXDR
                0x08004318       0x48 ./Drivers/STM32L4xx_HAL_Driver/Src/stm32l4xx_hal_i2c.o
 .text.I2C_WaitOnFlagUntilTimeout
                0x08004360       0xb2 ./Drivers/STM32L4xx_HAL_Driver/Src/stm32l4xx_hal_i2c.o
 .text.I2C_WaitOnTXISFlagUntilTimeout
                0x08004412       0x8e ./Drivers/STM32L4xx_HAL_Driver/Src/stm32l4xx_hal_i2c.o
 .text.I2C_WaitOnSTOPFlagUntilTimeout
                0x080044a0       0x86 ./Drivers/STM32L4xx_HAL_Driver/Src/stm32l4xx_hal_i2c.o
 *fill*         0x08004526        0x2 
 .text.I2C_WaitOnRXNEFlagUntilTimeout
                0x08004528      0x118 ./Drivers/STM32L4xx_HAL_Driver/Src/stm32l4xx_hal_i2c.o
 .text.I2C_IsErrorOccurred
                0x08004640      0x1c0 ./Drivers/STM32L4xx_HAL_Driver/Src/stm32l4xx_hal_i2c.o
 .text.I2C_TransferConfig
                0x08004800       0x64 ./Drivers/STM32L4xx_HAL_Driver/Src/stm32l4xx_hal_i2c.o
 .text.HAL_I2CEx_ConfigAnalogFilter
                0x08004864       0x96 ./Drivers/STM32L4xx_HAL_Driver/Src/stm32l4xx_hal_i2c_ex.o
                0x08004864                HAL_I2CEx_ConfigAnalogFilter
 .text.HAL_I2CEx_ConfigDigitalFilter
                0x080048fa       0x98 ./Drivers/STM32L4xx_HAL_Driver/Src/stm32l4xx_hal_i2c_ex.o
                0x080048fa                HAL_I2CEx_ConfigDigitalFilter
 *fill*         0x08004992        0x2 
 .text.HAL_PWREx_GetVoltageRange
                0x08004994       0x1c ./Drivers/STM32L4xx_HAL_Driver/Src/stm32l4xx_hal_pwr_ex.o
                0x08004994                HAL_PWREx_GetVoltageRange
 .text.HAL_PWREx_ControlVoltageScaling
                0x080049b0       0xac ./Drivers/STM32L4xx_HAL_Driver/Src/stm32l4xx_hal_pwr_ex.o
                0x080049b0                HAL_PWREx_ControlVoltageScaling
 .text.HAL_RCC_OscConfig
                0x08004a5c      0x7b8 ./Drivers/STM32L4xx_HAL_Driver/Src/stm32l4xx_hal_rcc.o
                0x08004a5c                HAL_RCC_OscConfig
 .text.HAL_RCC_ClockConfig
                0x08005214      0x200 ./Drivers/STM32L4xx_HAL_Driver/Src/stm32l4xx_hal_rcc.o
                0x08005214                HAL_RCC_ClockConfig
 .text.HAL_RCC_GetSysClockFreq
                0x08005414      0x118 ./Drivers/STM32L4xx_HAL_Driver/Src/stm32l4xx_hal_rcc.o
                0x08005414                HAL_RCC_GetSysClockFreq
 .text.HAL_RCC_GetHCLKFreq
                0x0800552c       0x18 ./Drivers/STM32L4xx_HAL_Driver/Src/stm32l4xx_hal_rcc.o
                0x0800552c                HAL_RCC_GetHCLKFreq
 .text.HAL_RCC_GetPCLK1Freq
                0x08005544       0x2c ./Drivers/STM32L4xx_HAL_Driver/Src/stm32l4xx_hal_rcc.o
                0x08005544                HAL_RCC_GetPCLK1Freq
 .text.HAL_RCC_GetPCLK2Freq
                0x08005570       0x2c ./Drivers/STM32L4xx_HAL_Driver/Src/stm32l4xx_hal_rcc.o
                0x08005570                HAL_RCC_GetPCLK2Freq
 .text.RCC_SetFlashLatencyFromMSIRange
                0x0800559c       0xc0 ./Drivers/STM32L4xx_HAL_Driver/Src/stm32l4xx_hal_rcc.o
 .text.HAL_RCCEx_PeriphCLKConfig
                0x0800565c      0x5d4 ./Drivers/STM32L4xx_HAL_Driver/Src/stm32l4xx_hal_rcc_ex.o
                0x0800565c                HAL_RCCEx_PeriphCLKConfig
 .text.RCCEx_PLLSAI1_Config
                0x08005c30      0x1e8 ./Drivers/STM32L4xx_HAL_Driver/Src/stm32l4xx_hal_rcc_ex.o
 .text.RCCEx_PLLSAI2_Config
                0x08005e18      0x1bc ./Drivers/STM32L4xx_HAL_Driver/Src/stm32l4xx_hal_rcc_ex.o
 .text.HAL_TIM_Base_Init
                0x08005fd4       0xae ./Drivers/STM32L4xx_HAL_Driver/Src/stm32l4xx_hal_tim.o
                0x08005fd4                HAL_TIM_Base_Init
 .text.HAL_TIM_PWM_Init
                0x08006082       0xae ./Drivers/STM32L4xx_HAL_Driver/Src/stm32l4xx_hal_tim.o
                0x08006082                HAL_TIM_PWM_Init
 .text.HAL_TIM_PWM_MspInit
                0x08006130       0x14 ./Drivers/STM32L4xx_HAL_Driver/Src/stm32l4xx_hal_tim.o
                0x08006130                HAL_TIM_PWM_MspInit
 .text.HAL_TIM_PWM_ConfigChannel
                0x08006144      0x228 ./Drivers/STM32L4xx_HAL_Driver/Src/stm32l4xx_hal_tim.o
                0x08006144                HAL_TIM_PWM_ConfigChannel
 .text.HAL_TIM_ConfigClockSource
                0x0800636c      0x192 ./Drivers/STM32L4xx_HAL_Driver/Src/stm32l4xx_hal_tim.o
                0x0800636c                HAL_TIM_ConfigClockSource
 *fill*         0x080064fe        0x2 
 .text.TIM_Base_SetConfig
                0x08006500      0x14c ./Drivers/STM32L4xx_HAL_Driver/Src/stm32l4xx_hal_tim.o
                0x08006500                TIM_Base_SetConfig
 .text.TIM_OC1_SetConfig
                0x0800664c      0x120 ./Drivers/STM32L4xx_HAL_Driver/Src/stm32l4xx_hal_tim.o
 .text.TIM_OC2_SetConfig
                0x0800676c      0x114 ./Drivers/STM32L4xx_HAL_Driver/Src/stm32l4xx_hal_tim.o
                0x0800676c                TIM_OC2_SetConfig
 .text.TIM_OC3_SetConfig
                0x08006880      0x110 ./Drivers/STM32L4xx_HAL_Driver/Src/stm32l4xx_hal_tim.o
 .text.TIM_OC4_SetConfig
                0x08006990       0xd4 ./Drivers/STM32L4xx_HAL_Driver/Src/stm32l4xx_hal_tim.o
 .text.TIM_OC5_SetConfig
                0x08006a64       0xc8 ./Drivers/STM32L4xx_HAL_Driver/Src/stm32l4xx_hal_tim.o
 .text.TIM_OC6_SetConfig
                0x08006b2c       0xcc ./Drivers/STM32L4xx_HAL_Driver/Src/stm32l4xx_hal_tim.o
 .text.TIM_TI1_ConfigInputStage
                0x08006bf8       0x5e ./Drivers/STM32L4xx_HAL_Driver/Src/stm32l4xx_hal_tim.o
 .text.TIM_TI2_ConfigInputStage
                0x08006c56       0x60 ./Drivers/STM32L4xx_HAL_Driver/Src/stm32l4xx_hal_tim.o
 .text.TIM_ITRx_SetConfig
                0x08006cb6       0x36 ./Drivers/STM32L4xx_HAL_Driver/Src/stm32l4xx_hal_tim.o
 .text.TIM_ETR_SetConfig
                0x08006cec       0x40 ./Drivers/STM32L4xx_HAL_Driver/Src/stm32l4xx_hal_tim.o
                0x08006cec                TIM_ETR_SetConfig
 .text.HAL_TIMEx_MasterConfigSynchronization
                0x08006d2c      0x110 ./Drivers/STM32L4xx_HAL_Driver/Src/stm32l4xx_hal_tim_ex.o
                0x08006d2c                HAL_TIMEx_MasterConfigSynchronization
 .text.HAL_UART_Init
                0x08006e3c       0x9c ./Drivers/STM32L4xx_HAL_Driver/Src/stm32l4xx_hal_uart.o
                0x08006e3c                HAL_UART_Init
 .text.HAL_UART_Transmit
                0x08006ed8      0x112 ./Drivers/STM32L4xx_HAL_Driver/Src/stm32l4xx_hal_uart.o
                0x08006ed8                HAL_UART_Transmit
 *fill*         0x08006fea        0x2 
 .text.HAL_UART_IRQHandler
                0x08006fec      0x60c ./Drivers/STM32L4xx_HAL_Driver/Src/stm32l4xx_hal_uart.o
                0x08006fec                HAL_UART_IRQHandler
 .text.HAL_UART_TxCpltCallback
                0x080075f8       0x14 ./Drivers/STM32L4xx_HAL_Driver/Src/stm32l4xx_hal_uart.o
                0x080075f8                HAL_UART_TxCpltCallback
 .text.HAL_UART_ErrorCallback
                0x0800760c       0x14 ./Drivers/STM32L4xx_HAL_Driver/Src/stm32l4xx_hal_uart.o
                0x0800760c                HAL_UART_ErrorCallback
 .text.HAL_UARTEx_RxEventCallback
                0x08007620       0x18 ./Drivers/STM32L4xx_HAL_Driver/Src/stm32l4xx_hal_uart.o
                0x08007620                HAL_UARTEx_RxEventCallback
 .text.UART_SetConfig
                0x08007638      0x570 ./Drivers/STM32L4xx_HAL_Driver/Src/stm32l4xx_hal_uart.o
                0x08007638                UART_SetConfig
 .text.UART_AdvFeatureConfig
                0x08007ba8      0x144 ./Drivers/STM32L4xx_HAL_Driver/Src/stm32l4xx_hal_uart.o
                0x08007ba8                UART_AdvFeatureConfig
 .text.UART_CheckIdleState
                0x08007cec      0x150 ./Drivers/STM32L4xx_HAL_Driver/Src/stm32l4xx_hal_uart.o
                0x08007cec                UART_CheckIdleState
 .text.UART_WaitOnFlagUntilTimeout
                0x08007e3c       0xda ./Drivers/STM32L4xx_HAL_Driver/Src/stm32l4xx_hal_uart.o
                0x08007e3c                UART_WaitOnFlagUntilTimeout
 .text.UART_EndRxTransfer
                0x08007f16       0xc8 ./Drivers/STM32L4xx_HAL_Driver/Src/stm32l4xx_hal_uart.o
 .text.UART_DMAAbortOnError
                0x08007fde       0x2c ./Drivers/STM32L4xx_HAL_Driver/Src/stm32l4xx_hal_uart.o
 .text.UART_EndTransmit_IT
                0x0800800a       0x54 ./Drivers/STM32L4xx_HAL_Driver/Src/stm32l4xx_hal_uart.o
 .text.HAL_UARTEx_WakeupCallback
                0x0800805e       0x14 ./Drivers/STM32L4xx_HAL_Driver/Src/stm32l4xx_hal_uart_ex.o
                0x0800805e                HAL_UARTEx_WakeupCallback
 *fill*         0x08008072        0x2 
 .text.std      0x08008074       0x6c C:/Users/garbe/Desktop/Nouveau dossier/STM32CubeIDE_1.13.1/STM32CubeIDE/plugins/com.st.stm32cube.ide.mcu.externaltools.gnu-tools-for-stm32.13.3.rel1.win32_1.0.0.202411081344/tools/bin/../lib/gcc/arm-none-eabi/13.3.1/../../../../arm-none-eabi/lib/thumb/v7e-m+fp/hard\libc_nano.a(libc_a-findfp.o)
 .text.stdio_exit_handler
                0x080080e0       0x18 C:/Users/garbe/Desktop/Nouveau dossier/STM32CubeIDE_1.13.1/STM32CubeIDE/plugins/com.st.stm32cube.ide.mcu.externaltools.gnu-tools-for-stm32.13.3.rel1.win32_1.0.0.202411081344/tools/bin/../lib/gcc/arm-none-eabi/13.3.1/../../../../arm-none-eabi/lib/thumb/v7e-m+fp/hard\libc_nano.a(libc_a-findfp.o)
 .text.cleanup_stdio
                0x080080f8       0x40 C:/Users/garbe/Desktop/Nouveau dossier/STM32CubeIDE_1.13.1/STM32CubeIDE/plugins/com.st.stm32cube.ide.mcu.externaltools.gnu-tools-for-stm32.13.3.rel1.win32_1.0.0.202411081344/tools/bin/../lib/gcc/arm-none-eabi/13.3.1/../../../../arm-none-eabi/lib/thumb/v7e-m+fp/hard\libc_nano.a(libc_a-findfp.o)
 .text.global_stdio_init.part.0
                0x08008138       0x3c C:/Users/garbe/Desktop/Nouveau dossier/STM32CubeIDE_1.13.1/STM32CubeIDE/plugins/com.st.stm32cube.ide.mcu.externaltools.gnu-tools-for-stm32.13.3.rel1.win32_1.0.0.202411081344/tools/bin/../lib/gcc/arm-none-eabi/13.3.1/../../../../arm-none-eabi/lib/thumb/v7e-m+fp/hard\libc_nano.a(libc_a-findfp.o)
 .text.__sfp_lock_acquire
                0x08008174        0xc C:/Users/garbe/Desktop/Nouveau dossier/STM32CubeIDE_1.13.1/STM32CubeIDE/plugins/com.st.stm32cube.ide.mcu.externaltools.gnu-tools-for-stm32.13.3.rel1.win32_1.0.0.202411081344/tools/bin/../lib/gcc/arm-none-eabi/13.3.1/../../../../arm-none-eabi/lib/thumb/v7e-m+fp/hard\libc_nano.a(libc_a-findfp.o)
                0x08008174                __sfp_lock_acquire
 .text.__sfp_lock_release
                0x08008180        0xc C:/Users/garbe/Desktop/Nouveau dossier/STM32CubeIDE_1.13.1/STM32CubeIDE/plugins/com.st.stm32cube.ide.mcu.externaltools.gnu-tools-for-stm32.13.3.rel1.win32_1.0.0.202411081344/tools/bin/../lib/gcc/arm-none-eabi/13.3.1/../../../../arm-none-eabi/lib/thumb/v7e-m+fp/hard\libc_nano.a(libc_a-findfp.o)
                0x08008180                __sfp_lock_release
 .text.__sinit  0x0800818c       0x30 C:/Users/garbe/Desktop/Nouveau dossier/STM32CubeIDE_1.13.1/STM32CubeIDE/plugins/com.st.stm32cube.ide.mcu.externaltools.gnu-tools-for-stm32.13.3.rel1.win32_1.0.0.202411081344/tools/bin/../lib/gcc/arm-none-eabi/13.3.1/../../../../arm-none-eabi/lib/thumb/v7e-m+fp/hard\libc_nano.a(libc_a-findfp.o)
                0x0800818c                __sinit
 .text._fwalk_sglue
                0x080081bc       0x3c C:/Users/garbe/Desktop/Nouveau dossier/STM32CubeIDE_1.13.1/STM32CubeIDE/plugins/com.st.stm32cube.ide.mcu.externaltools.gnu-tools-for-stm32.13.3.rel1.win32_1.0.0.202411081344/tools/bin/../lib/gcc/arm-none-eabi/13.3.1/../../../../arm-none-eabi/lib/thumb/v7e-m+fp/hard\libc_nano.a(libc_a-fwalk.o)
                0x080081bc                _fwalk_sglue
 .text.printf   0x080081f8       0x24 C:/Users/garbe/Desktop/Nouveau dossier/STM32CubeIDE_1.13.1/STM32CubeIDE/plugins/com.st.stm32cube.ide.mcu.externaltools.gnu-tools-for-stm32.13.3.rel1.win32_1.0.0.202411081344/tools/bin/../lib/gcc/arm-none-eabi/13.3.1/../../../../arm-none-eabi/lib/thumb/v7e-m+fp/hard\libc_nano.a(libc_a-printf.o)
                0x080081f8                iprintf
                0x080081f8                printf
 .text.putchar  0x0800821c       0x10 C:/Users/garbe/Desktop/Nouveau dossier/STM32CubeIDE_1.13.1/STM32CubeIDE/plugins/com.st.stm32cube.ide.mcu.externaltools.gnu-tools-for-stm32.13.3.rel1.win32_1.0.0.202411081344/tools/bin/../lib/gcc/arm-none-eabi/13.3.1/../../../../arm-none-eabi/lib/thumb/v7e-m+fp/hard\libc_nano.a(libc_a-putchar.o)
                0x0800821c                putchar
 .text._puts_r  0x0800822c       0xaa C:/Users/garbe/Desktop/Nouveau dossier/STM32CubeIDE_1.13.1/STM32CubeIDE/plugins/com.st.stm32cube.ide.mcu.externaltools.gnu-tools-for-stm32.13.3.rel1.win32_1.0.0.202411081344/tools/bin/../lib/gcc/arm-none-eabi/13.3.1/../../../../arm-none-eabi/lib/thumb/v7e-m+fp/hard\libc_nano.a(libc_a-puts.o)
                0x0800822c                _puts_r
 *fill*         0x080082d6        0x2 
 .text.puts     0x080082d8       0x10 C:/Users/garbe/Desktop/Nouveau dossier/STM32CubeIDE_1.13.1/STM32CubeIDE/plugins/com.st.stm32cube.ide.mcu.externaltools.gnu-tools-for-stm32.13.3.rel1.win32_1.0.0.202411081344/tools/bin/../lib/gcc/arm-none-eabi/13.3.1/../../../../arm-none-eabi/lib/thumb/v7e-m+fp/hard\libc_nano.a(libc_a-puts.o)
                0x080082d8                puts
 .text.sprintf  0x080082e8       0x44 C:/Users/garbe/Desktop/Nouveau dossier/STM32CubeIDE_1.13.1/STM32CubeIDE/plugins/com.st.stm32cube.ide.mcu.externaltools.gnu-tools-for-stm32.13.3.rel1.win32_1.0.0.202411081344/tools/bin/../lib/gcc/arm-none-eabi/13.3.1/../../../../arm-none-eabi/lib/thumb/v7e-m+fp/hard\libc_nano.a(libc_a-sprintf.o)
                0x080082e8                siprintf
                0x080082e8                sprintf
 .text.__sread  0x0800832c       0x22 C:/Users/garbe/Desktop/Nouveau dossier/STM32CubeIDE_1.13.1/STM32CubeIDE/plugins/com.st.stm32cube.ide.mcu.externaltools.gnu-tools-for-stm32.13.3.rel1.win32_1.0.0.202411081344/tools/bin/../lib/gcc/arm-none-eabi/13.3.1/../../../../arm-none-eabi/lib/thumb/v7e-m+fp/hard\libc_nano.a(libc_a-stdio.o)
                0x0800832c                __sread
 .text.__swrite
                0x0800834e       0x38 C:/Users/garbe/Desktop/Nouveau dossier/STM32CubeIDE_1.13.1/STM32CubeIDE/plugins/com.st.stm32cube.ide.mcu.externaltools.gnu-tools-for-stm32.13.3.rel1.win32_1.0.0.202411081344/tools/bin/../lib/gcc/arm-none-eabi/13.3.1/../../../../arm-none-eabi/lib/thumb/v7e-m+fp/hard\libc_nano.a(libc_a-stdio.o)
                0x0800834e                __swrite
 .text.__sseek  0x08008386       0x24 C:/Users/garbe/Desktop/Nouveau dossier/STM32CubeIDE_1.13.1/STM32CubeIDE/plugins/com.st.stm32cube.ide.mcu.externaltools.gnu-tools-for-stm32.13.3.rel1.win32_1.0.0.202411081344/tools/bin/../lib/gcc/arm-none-eabi/13.3.1/../../../../arm-none-eabi/lib/thumb/v7e-m+fp/hard\libc_nano.a(libc_a-stdio.o)
                0x08008386                __sseek
 .text.__sclose
                0x080083aa        0x8 C:/Users/garbe/Desktop/Nouveau dossier/STM32CubeIDE_1.13.1/STM32CubeIDE/plugins/com.st.stm32cube.ide.mcu.externaltools.gnu-tools-for-stm32.13.3.rel1.win32_1.0.0.202411081344/tools/bin/../lib/gcc/arm-none-eabi/13.3.1/../../../../arm-none-eabi/lib/thumb/v7e-m+fp/hard\libc_nano.a(libc_a-stdio.o)
                0x080083aa                __sclose
 .text.__swbuf_r
                0x080083b2       0x7c C:/Users/garbe/Desktop/Nouveau dossier/STM32CubeIDE_1.13.1/STM32CubeIDE/plugins/com.st.stm32cube.ide.mcu.externaltools.gnu-tools-for-stm32.13.3.rel1.win32_1.0.0.202411081344/tools/bin/../lib/gcc/arm-none-eabi/13.3.1/../../../../arm-none-eabi/lib/thumb/v7e-m+fp/hard\libc_nano.a(libc_a-wbuf.o)
                0x080083b2                __swbuf_r
 *fill*         0x0800842e        0x2 
 .text.__swsetup_r
                0x08008430       0xac C:/Users/garbe/Desktop/Nouveau dossier/STM32CubeIDE_1.13.1/STM32CubeIDE/plugins/com.st.stm32cube.ide.mcu.externaltools.gnu-tools-for-stm32.13.3.rel1.win32_1.0.0.202411081344/tools/bin/../lib/gcc/arm-none-eabi/13.3.1/../../../../arm-none-eabi/lib/thumb/v7e-m+fp/hard\libc_nano.a(libc_a-wsetup.o)
                0x08008430                __swsetup_r
 .text.memset   0x080084dc       0x10 C:/Users/garbe/Desktop/Nouveau dossier/STM32CubeIDE_1.13.1/STM32CubeIDE/plugins/com.st.stm32cube.ide.mcu.externaltools.gnu-tools-for-stm32.13.3.rel1.win32_1.0.0.202411081344/tools/bin/../lib/gcc/arm-none-eabi/13.3.1/../../../../arm-none-eabi/lib/thumb/v7e-m+fp/hard\libc_nano.a(libc_a-memset.o)
                0x080084dc                memset
 .text._close_r
                0x080084ec       0x20 C:/Users/garbe/Desktop/Nouveau dossier/STM32CubeIDE_1.13.1/STM32CubeIDE/plugins/com.st.stm32cube.ide.mcu.externaltools.gnu-tools-for-stm32.13.3.rel1.win32_1.0.0.202411081344/tools/bin/../lib/gcc/arm-none-eabi/13.3.1/../../../../arm-none-eabi/lib/thumb/v7e-m+fp/hard\libc_nano.a(libc_a-closer.o)
                0x080084ec                _close_r
 .text._lseek_r
                0x0800850c       0x24 C:/Users/garbe/Desktop/Nouveau dossier/STM32CubeIDE_1.13.1/STM32CubeIDE/plugins/com.st.stm32cube.ide.mcu.externaltools.gnu-tools-for-stm32.13.3.rel1.win32_1.0.0.202411081344/tools/bin/../lib/gcc/arm-none-eabi/13.3.1/../../../../arm-none-eabi/lib/thumb/v7e-m+fp/hard\libc_nano.a(libc_a-lseekr.o)
                0x0800850c                _lseek_r
 .text._read_r  0x08008530       0x24 C:/Users/garbe/Desktop/Nouveau dossier/STM32CubeIDE_1.13.1/STM32CubeIDE/plugins/com.st.stm32cube.ide.mcu.externaltools.gnu-tools-for-stm32.13.3.rel1.win32_1.0.0.202411081344/tools/bin/../lib/gcc/arm-none-eabi/13.3.1/../../../../arm-none-eabi/lib/thumb/v7e-m+fp/hard\libc_nano.a(libc_a-readr.o)
                0x08008530                _read_r
 .text._write_r
                0x08008554       0x24 C:/Users/garbe/Desktop/Nouveau dossier/STM32CubeIDE_1.13.1/STM32CubeIDE/plugins/com.st.stm32cube.ide.mcu.externaltools.gnu-tools-for-stm32.13.3.rel1.win32_1.0.0.202411081344/tools/bin/../lib/gcc/arm-none-eabi/13.3.1/../../../../arm-none-eabi/lib/thumb/v7e-m+fp/hard\libc_nano.a(libc_a-writer.o)
                0x08008554                _write_r
 .text.__errno  0x08008578        0xc C:/Users/garbe/Desktop/Nouveau dossier/STM32CubeIDE_1.13.1/STM32CubeIDE/plugins/com.st.stm32cube.ide.mcu.externaltools.gnu-tools-for-stm32.13.3.rel1.win32_1.0.0.202411081344/tools/bin/../lib/gcc/arm-none-eabi/13.3.1/../../../../arm-none-eabi/lib/thumb/v7e-m+fp/hard\libc_nano.a(libc_a-errno.o)
                0x08008578                __errno
 .text.__libc_init_array
                0x08008584       0x48 C:/Users/garbe/Desktop/Nouveau dossier/STM32CubeIDE_1.13.1/STM32CubeIDE/plugins/com.st.stm32cube.ide.mcu.externaltools.gnu-tools-for-stm32.13.3.rel1.win32_1.0.0.202411081344/tools/bin/../lib/gcc/arm-none-eabi/13.3.1/../../../../arm-none-eabi/lib/thumb/v7e-m+fp/hard\libc_nano.a(libc_a-init.o)
                0x08008584                __libc_init_array
 .text.__retarget_lock_init_recursive
                0x080085cc        0x2 C:/Users/garbe/Desktop/Nouveau dossier/STM32CubeIDE_1.13.1/STM32CubeIDE/plugins/com.st.stm32cube.ide.mcu.externaltools.gnu-tools-for-stm32.13.3.rel1.win32_1.0.0.202411081344/tools/bin/../lib/gcc/arm-none-eabi/13.3.1/../../../../arm-none-eabi/lib/thumb/v7e-m+fp/hard\libc_nano.a(libc_a-lock.o)
                0x080085cc                __retarget_lock_init_recursive
 .text.__retarget_lock_acquire_recursive
                0x080085ce        0x2 C:/Users/garbe/Desktop/Nouveau dossier/STM32CubeIDE_1.13.1/STM32CubeIDE/plugins/com.st.stm32cube.ide.mcu.externaltools.gnu-tools-for-stm32.13.3.rel1.win32_1.0.0.202411081344/tools/bin/../lib/gcc/arm-none-eabi/13.3.1/../../../../arm-none-eabi/lib/thumb/v7e-m+fp/hard\libc_nano.a(libc_a-lock.o)
                0x080085ce                __retarget_lock_acquire_recursive
 .text.__retarget_lock_release_recursive
                0x080085d0        0x2 C:/Users/garbe/Desktop/Nouveau dossier/STM32CubeIDE_1.13.1/STM32CubeIDE/plugins/com.st.stm32cube.ide.mcu.externaltools.gnu-tools-for-stm32.13.3.rel1.win32_1.0.0.202411081344/tools/bin/../lib/gcc/arm-none-eabi/13.3.1/../../../../arm-none-eabi/lib/thumb/v7e-m+fp/hard\libc_nano.a(libc_a-lock.o)
                0x080085d0                __retarget_lock_release_recursive
 *fill*         0x080085d2        0x2 
 .text._free_r  0x080085d4       0x94 C:/Users/garbe/Desktop/Nouveau dossier/STM32CubeIDE_1.13.1/STM32CubeIDE/plugins/com.st.stm32cube.ide.mcu.externaltools.gnu-tools-for-stm32.13.3.rel1.win32_1.0.0.202411081344/tools/bin/../lib/gcc/arm-none-eabi/13.3.1/../../../../arm-none-eabi/lib/thumb/v7e-m+fp/hard\libc_nano.a(libc_a-freer.o)
                0x080085d4                _free_r
 .text.sbrk_aligned
                0x08008668       0x44 C:/Users/garbe/Desktop/Nouveau dossier/STM32CubeIDE_1.13.1/STM32CubeIDE/plugins/com.st.stm32cube.ide.mcu.externaltools.gnu-tools-for-stm32.13.3.rel1.win32_1.0.0.202411081344/tools/bin/../lib/gcc/arm-none-eabi/13.3.1/../../../../arm-none-eabi/lib/thumb/v7e-m+fp/hard\libc_nano.a(libc_a-mallocr.o)
 .text._malloc_r
                0x080086ac      0x100 C:/Users/garbe/Desktop/Nouveau dossier/STM32CubeIDE_1.13.1/STM32CubeIDE/plugins/com.st.stm32cube.ide.mcu.externaltools.gnu-tools-for-stm32.13.3.rel1.win32_1.0.0.202411081344/tools/bin/../lib/gcc/arm-none-eabi/13.3.1/../../../../arm-none-eabi/lib/thumb/v7e-m+fp/hard\libc_nano.a(libc_a-mallocr.o)
                0x080086ac                _malloc_r
 .text.__malloc_lock
                0x080087ac        0xc C:/Users/garbe/Desktop/Nouveau dossier/STM32CubeIDE_1.13.1/STM32CubeIDE/plugins/com.st.stm32cube.ide.mcu.externaltools.gnu-tools-for-stm32.13.3.rel1.win32_1.0.0.202411081344/tools/bin/../lib/gcc/arm-none-eabi/13.3.1/../../../../arm-none-eabi/lib/thumb/v7e-m+fp/hard\libc_nano.a(libc_a-mlock.o)
                0x080087ac                __malloc_lock
 .text.__malloc_unlock
                0x080087b8        0xc C:/Users/garbe/Desktop/Nouveau dossier/STM32CubeIDE_1.13.1/STM32CubeIDE/plugins/com.st.stm32cube.ide.mcu.externaltools.gnu-tools-for-stm32.13.3.rel1.win32_1.0.0.202411081344/tools/bin/../lib/gcc/arm-none-eabi/13.3.1/../../../../arm-none-eabi/lib/thumb/v7e-m+fp/hard\libc_nano.a(libc_a-mlock.o)
                0x080087b8                __malloc_unlock
 .text.__ssputs_r
                0x080087c4       0xb6 C:/Users/garbe/Desktop/Nouveau dossier/STM32CubeIDE_1.13.1/STM32CubeIDE/plugins/com.st.stm32cube.ide.mcu.externaltools.gnu-tools-for-stm32.13.3.rel1.win32_1.0.0.202411081344/tools/bin/../lib/gcc/arm-none-eabi/13.3.1/../../../../arm-none-eabi/lib/thumb/v7e-m+fp/hard\libc_nano.a(libc_a-nano-svfprintf.o)
                0x080087c4                __ssputs_r
 *fill*         0x0800887a        0x2 
 .text._svfprintf_r
                0x0800887c      0x1f8 C:/Users/garbe/Desktop/Nouveau dossier/STM32CubeIDE_1.13.1/STM32CubeIDE/plugins/com.st.stm32cube.ide.mcu.externaltools.gnu-tools-for-stm32.13.3.rel1.win32_1.0.0.202411081344/tools/bin/../lib/gcc/arm-none-eabi/13.3.1/../../../../arm-none-eabi/lib/thumb/v7e-m+fp/hard\libc_nano.a(libc_a-nano-svfprintf.o)
                0x0800887c                _svfiprintf_r
                0x0800887c                _svfprintf_r
 .text.__sfputc_r
                0x08008a74       0x2e C:/Users/garbe/Desktop/Nouveau dossier/STM32CubeIDE_1.13.1/STM32CubeIDE/plugins/com.st.stm32cube.ide.mcu.externaltools.gnu-tools-for-stm32.13.3.rel1.win32_1.0.0.202411081344/tools/bin/../lib/gcc/arm-none-eabi/13.3.1/../../../../arm-none-eabi/lib/thumb/v7e-m+fp/hard\libc_nano.a(libc_a-nano-vfprintf.o)
 .text.__sfputs_r
                0x08008aa2       0x24 C:/Users/garbe/Desktop/Nouveau dossier/STM32CubeIDE_1.13.1/STM32CubeIDE/plugins/com.st.stm32cube.ide.mcu.externaltools.gnu-tools-for-stm32.13.3.rel1.win32_1.0.0.202411081344/tools/bin/../lib/gcc/arm-none-eabi/13.3.1/../../../../arm-none-eabi/lib/thumb/v7e-m+fp/hard\libc_nano.a(libc_a-nano-vfprintf.o)
                0x08008aa2                __sfputs_r
 *fill*         0x08008ac6        0x2 
 .text._vfprintf_r
                0x08008ac8      0x230 C:/Users/garbe/Desktop/Nouveau dossier/STM32CubeIDE_1.13.1/STM32CubeIDE/plugins/com.st.stm32cube.ide.mcu.externaltools.gnu-tools-for-stm32.13.3.rel1.win32_1.0.0.202411081344/tools/bin/../lib/gcc/arm-none-eabi/13.3.1/../../../../arm-none-eabi/lib/thumb/v7e-m+fp/hard\libc_nano.a(libc_a-nano-vfprintf.o)
                0x08008ac8                _vfprintf_r
                0x08008ac8                _vfiprintf_r
 .text._printf_common
                0x08008cf8       0xda C:/Users/garbe/Desktop/Nouveau dossier/STM32CubeIDE_1.13.1/STM32CubeIDE/plugins/com.st.stm32cube.ide.mcu.externaltools.gnu-tools-for-stm32.13.3.rel1.win32_1.0.0.202411081344/tools/bin/../lib/gcc/arm-none-eabi/13.3.1/../../../../arm-none-eabi/lib/thumb/v7e-m+fp/hard\libc_nano.a(libc_a-nano-vfprintf_i.o)
                0x08008cf8                _printf_common
 *fill*         0x08008dd2        0x2 
 .text._printf_i
                0x08008dd4      0x23c C:/Users/garbe/Desktop/Nouveau dossier/STM32CubeIDE_1.13.1/STM32CubeIDE/plugins/com.st.stm32cube.ide.mcu.externaltools.gnu-tools-for-stm32.13.3.rel1.win32_1.0.0.202411081344/tools/bin/../lib/gcc/arm-none-eabi/13.3.1/../../../../arm-none-eabi/lib/thumb/v7e-m+fp/hard\libc_nano.a(libc_a-nano-vfprintf_i.o)
                0x08008dd4                _printf_i
 .text.__sflush_r
                0x08009010      0x108 C:/Users/garbe/Desktop/Nouveau dossier/STM32CubeIDE_1.13.1/STM32CubeIDE/plugins/com.st.stm32cube.ide.mcu.externaltools.gnu-tools-for-stm32.13.3.rel1.win32_1.0.0.202411081344/tools/bin/../lib/gcc/arm-none-eabi/13.3.1/../../../../arm-none-eabi/lib/thumb/v7e-m+fp/hard\libc_nano.a(libc_a-fflush.o)
                0x08009010                __sflush_r
 .text._fflush_r
                0x08009118       0x50 C:/Users/garbe/Desktop/Nouveau dossier/STM32CubeIDE_1.13.1/STM32CubeIDE/plugins/com.st.stm32cube.ide.mcu.externaltools.gnu-tools-for-stm32.13.3.rel1.win32_1.0.0.202411081344/tools/bin/../lib/gcc/arm-none-eabi/13.3.1/../../../../arm-none-eabi/lib/thumb/v7e-m+fp/hard\libc_nano.a(libc_a-fflush.o)
                0x08009118                _fflush_r
 .text.__swhatbuf_r
                0x08009168       0x4c C:/Users/garbe/Desktop/Nouveau dossier/STM32CubeIDE_1.13.1/STM32CubeIDE/plugins/com.st.stm32cube.ide.mcu.externaltools.gnu-tools-for-stm32.13.3.rel1.win32_1.0.0.202411081344/tools/bin/../lib/gcc/arm-none-eabi/13.3.1/../../../../arm-none-eabi/lib/thumb/v7e-m+fp/hard\libc_nano.a(libc_a-makebuf.o)
                0x08009168                __swhatbuf_r
 .text.__smakebuf_r
                0x080091b4       0x78 C:/Users/garbe/Desktop/Nouveau dossier/STM32CubeIDE_1.13.1/STM32CubeIDE/plugins/com.st.stm32cube.ide.mcu.externaltools.gnu-tools-for-stm32.13.3.rel1.win32_1.0.0.202411081344/tools/bin/../lib/gcc/arm-none-eabi/13.3.1/../../../../arm-none-eabi/lib/thumb/v7e-m+fp/hard\libc_nano.a(libc_a-makebuf.o)
                0x080091b4                __smakebuf_r
 .text._putc_r  0x0800922c       0x68 C:/Users/garbe/Desktop/Nouveau dossier/STM32CubeIDE_1.13.1/STM32CubeIDE/plugins/com.st.stm32cube.ide.mcu.externaltools.gnu-tools-for-stm32.13.3.rel1.win32_1.0.0.202411081344/tools/bin/../lib/gcc/arm-none-eabi/13.3.1/../../../../arm-none-eabi/lib/thumb/v7e-m+fp/hard\libc_nano.a(libc_a-putc.o)
                0x0800922c                _putc_r
 .text.memmove  0x08009294       0x34 C:/Users/garbe/Desktop/Nouveau dossier/STM32CubeIDE_1.13.1/STM32CubeIDE/plugins/com.st.stm32cube.ide.mcu.externaltools.gnu-tools-for-stm32.13.3.rel1.win32_1.0.0.202411081344/tools/bin/../lib/gcc/arm-none-eabi/13.3.1/../../../../arm-none-eabi/lib/thumb/v7e-m+fp/hard\libc_nano.a(libc_a-memmove.o)
                0x08009294                memmove
 .text._fstat_r
                0x080092c8       0x24 C:/Users/garbe/Desktop/Nouveau dossier/STM32CubeIDE_1.13.1/STM32CubeIDE/plugins/com.st.stm32cube.ide.mcu.externaltools.gnu-tools-for-stm32.13.3.rel1.win32_1.0.0.202411081344/tools/bin/../lib/gcc/arm-none-eabi/13.3.1/../../../../arm-none-eabi/lib/thumb/v7e-m+fp/hard\libc_nano.a(libc_a-fstatr.o)
                0x080092c8                _fstat_r
 .text._isatty_r
                0x080092ec       0x20 C:/Users/garbe/Desktop/Nouveau dossier/STM32CubeIDE_1.13.1/STM32CubeIDE/plugins/com.st.stm32cube.ide.mcu.externaltools.gnu-tools-for-stm32.13.3.rel1.win32_1.0.0.202411081344/tools/bin/../lib/gcc/arm-none-eabi/13.3.1/../../../../arm-none-eabi/lib/thumb/v7e-m+fp/hard\libc_nano.a(libc_a-isattyr.o)
                0x080092ec                _isatty_r
 .text._sbrk_r  0x0800930c       0x20 C:/Users/garbe/Desktop/Nouveau dossier/STM32CubeIDE_1.13.1/STM32CubeIDE/plugins/com.st.stm32cube.ide.mcu.externaltools.gnu-tools-for-stm32.13.3.rel1.win32_1.0.0.202411081344/tools/bin/../lib/gcc/arm-none-eabi/13.3.1/../../../../arm-none-eabi/lib/thumb/v7e-m+fp/hard\libc_nano.a(libc_a-sbrkr.o)
                0x0800930c                _sbrk_r
 .text.memcpy   0x0800932c       0x1c C:/Users/garbe/Desktop/Nouveau dossier/STM32CubeIDE_1.13.1/STM32CubeIDE/plugins/com.st.stm32cube.ide.mcu.externaltools.gnu-tools-for-stm32.13.3.rel1.win32_1.0.0.202411081344/tools/bin/../lib/gcc/arm-none-eabi/13.3.1/../../../../arm-none-eabi/lib/thumb/v7e-m+fp/hard\libc_nano.a(libc_a-memcpy-stub.o)
                0x0800932c                memcpy
 .text._realloc_r
                0x08009348       0x5c C:/Users/garbe/Desktop/Nouveau dossier/STM32CubeIDE_1.13.1/STM32CubeIDE/plugins/com.st.stm32cube.ide.mcu.externaltools.gnu-tools-for-stm32.13.3.rel1.win32_1.0.0.202411081344/tools/bin/../lib/gcc/arm-none-eabi/13.3.1/../../../../arm-none-eabi/lib/thumb/v7e-m+fp/hard\libc_nano.a(libc_a-reallocr.o)
                0x08009348                _realloc_r
 .text._malloc_usable_size_r
                0x080093a4       0x10 C:/Users/garbe/Desktop/Nouveau dossier/STM32CubeIDE_1.13.1/STM32CubeIDE/plugins/com.st.stm32cube.ide.mcu.externaltools.gnu-tools-for-stm32.13.3.rel1.win32_1.0.0.202411081344/tools/bin/../lib/gcc/arm-none-eabi/13.3.1/../../../../arm-none-eabi/lib/thumb/v7e-m+fp/hard\libc_nano.a(libc_a-msizer.o)
                0x080093a4                _malloc_usable_size_r
 *(.glue_7)
 .glue_7        0x080093b4        0x0 linker stubs
 *(.glue_7t)
 .glue_7t       0x080093b4        0x0 linker stubs
 *(.eh_frame)
 .eh_frame      0x080093b4        0x0 C:/Users/garbe/Desktop/Nouveau dossier/STM32CubeIDE_1.13.1/STM32CubeIDE/plugins/com.st.stm32cube.ide.mcu.externaltools.gnu-tools-for-stm32.13.3.rel1.win32_1.0.0.202411081344/tools/bin/../lib/gcc/arm-none-eabi/13.3.1/thumb/v7e-m+fp/hard/crtbegin.o
 *(.init)
 .init          0x080093b4        0x4 C:/Users/garbe/Desktop/Nouveau dossier/STM32CubeIDE_1.13.1/STM32CubeIDE/plugins/com.st.stm32cube.ide.mcu.externaltools.gnu-tools-for-stm32.13.3.rel1.win32_1.0.0.202411081344/tools/bin/../lib/gcc/arm-none-eabi/13.3.1/thumb/v7e-m+fp/hard/crti.o
                0x080093b4                _init
 .init          0x080093b8        0x8 C:/Users/garbe/Desktop/Nouveau dossier/STM32CubeIDE_1.13.1/STM32CubeIDE/plugins/com.st.stm32cube.ide.mcu.externaltools.gnu-tools-for-stm32.13.3.rel1.win32_1.0.0.202411081344/tools/bin/../lib/gcc/arm-none-eabi/13.3.1/thumb/v7e-m+fp/hard/crtn.o
 *(.fini)
 .fini          0x080093c0        0x4 C:/Users/garbe/Desktop/Nouveau dossier/STM32CubeIDE_1.13.1/STM32CubeIDE/plugins/com.st.stm32cube.ide.mcu.externaltools.gnu-tools-for-stm32.13.3.rel1.win32_1.0.0.202411081344/tools/bin/../lib/gcc/arm-none-eabi/13.3.1/thumb/v7e-m+fp/hard/crti.o
                0x080093c0                _fini
 .fini          0x080093c4        0x8 C:/Users/garbe/Desktop/Nouveau dossier/STM32CubeIDE_1.13.1/STM32CubeIDE/plugins/com.st.stm32cube.ide.mcu.externaltools.gnu-tools-for-stm32.13.3.rel1.win32_1.0.0.202411081344/tools/bin/../lib/gcc/arm-none-eabi/13.3.1/thumb/v7e-m+fp/hard/crtn.o
                0x080093cc                        . = ALIGN (0x4)
                0x080093cc                        _etext = .

.vfp11_veneer   0x080093cc        0x0
 .vfp11_veneer  0x080093cc        0x0 linker stubs

.v4_bx          0x080093cc        0x0
 .v4_bx         0x080093cc        0x0 linker stubs

.iplt           0x080093cc        0x0
 .iplt          0x080093cc        0x0 C:/Users/garbe/Desktop/Nouveau dossier/STM32CubeIDE_1.13.1/STM32CubeIDE/plugins/com.st.stm32cube.ide.mcu.externaltools.gnu-tools-for-stm32.13.3.rel1.win32_1.0.0.202411081344/tools/bin/../lib/gcc/arm-none-eabi/13.3.1/thumb/v7e-m+fp/hard/crtbegin.o

.rodata         0x080093cc     0x1fa8
                0x080093cc                        . = ALIGN (0x4)
 *(.rodata)
 .rodata        0x080093cc       0xa9 ./Core/Src/RFID_Card_ReWr.o
 *fill*         0x08009475        0x3 
 .rodata        0x08009478        0x5 ./Core/Src/RFID_I2C.o
 *fill*         0x0800947d        0x3 
 .rodata        0x08009480       0x2a ./Core/Src/Screen.o
 *fill*         0x080094aa        0x2 
 .rodata        0x080094ac        0x8 ./Core/Src/main.o
 .rodata        0x080094b4      0x183 ./Core/Src/pn532.o
 *(.rodata*)
 *fill*         0x08009637        0x1 
 .rodata.logo_battery_25
                0x08009638      0x100 ./Core/Src/Screen.o
                0x08009638                logo_battery_25
 .rodata.logo_bluetooth
                0x08009738      0x100 ./Core/Src/Screen.o
                0x08009738                logo_bluetooth
 .rodata.Font7x10
                0x08009838      0x76c ./Core/Src/fonts.o
                0x08009838                Font7x10
 .rodata.Font16x26
                0x08009fa4     0x134c ./Core/Src/fonts.o
                0x08009fa4                Font16x26
 .rodata.PN532_ACK
                0x0800b2f0        0x6 ./Core/Src/pn532.o
                0x0800b2f0                PN532_ACK
 *fill*         0x0800b2f6        0x2 
 .rodata.AHBPrescTable
                0x0800b2f8       0x10 ./Core/Src/system_stm32l4xx.o
                0x0800b2f8                AHBPrescTable
 .rodata.APBPrescTable
                0x0800b308        0x8 ./Core/Src/system_stm32l4xx.o
                0x0800b308                APBPrescTable
 .rodata.MSIRangeTable
                0x0800b310       0x30 ./Core/Src/system_stm32l4xx.o
                0x0800b310                MSIRangeTable
 .rodata._svfprintf_r.str1.1
                0x0800b340       0x33 C:/Users/garbe/Desktop/Nouveau dossier/STM32CubeIDE_1.13.1/STM32CubeIDE/plugins/com.st.stm32cube.ide.mcu.externaltools.gnu-tools-for-stm32.13.3.rel1.win32_1.0.0.202411081344/tools/bin/../lib/gcc/arm-none-eabi/13.3.1/../../../../arm-none-eabi/lib/thumb/v7e-m+fp/hard\libc_nano.a(libc_a-nano-svfprintf.o)
                                 0x11 (size before relaxing)
 .rodata._vfprintf_r.str1.1
                0x0800b373       0x11 C:/Users/garbe/Desktop/Nouveau dossier/STM32CubeIDE_1.13.1/STM32CubeIDE/plugins/com.st.stm32cube.ide.mcu.externaltools.gnu-tools-for-stm32.13.3.rel1.win32_1.0.0.202411081344/tools/bin/../lib/gcc/arm-none-eabi/13.3.1/../../../../arm-none-eabi/lib/thumb/v7e-m+fp/hard\libc_nano.a(libc_a-nano-vfprintf.o)
 .rodata._printf_i.str1.1
                0x0800b373       0x22 C:/Users/garbe/Desktop/Nouveau dossier/STM32CubeIDE_1.13.1/STM32CubeIDE/plugins/com.st.stm32cube.ide.mcu.externaltools.gnu-tools-for-stm32.13.3.rel1.win32_1.0.0.202411081344/tools/bin/../lib/gcc/arm-none-eabi/13.3.1/../../../../arm-none-eabi/lib/thumb/v7e-m+fp/hard\libc_nano.a(libc_a-nano-vfprintf_i.o)
                0x0800b398                        . = ALIGN (0x4)
 *fill*         0x0800b373        0x1 

.ARM.extab      0x0800b374        0x0
                0x0800b374                        . = ALIGN (0x4)
 *(.ARM.extab* .gnu.linkonce.armextab.*)
                0x0800b374                        . = ALIGN (0x4)

.ARM            0x0800b374        0x8
                0x0800b374                        . = ALIGN (0x4)
                0x0800b374                        __exidx_start = .
 *(.ARM.exidx*)
 .ARM.exidx     0x0800b374        0x8 C:/Users/garbe/Desktop/Nouveau dossier/STM32CubeIDE_1.13.1/STM32CubeIDE/plugins/com.st.stm32cube.ide.mcu.externaltools.gnu-tools-for-stm32.13.3.rel1.win32_1.0.0.202411081344/tools/bin/../lib/gcc/arm-none-eabi/13.3.1/../../../../arm-none-eabi/lib/thumb/v7e-m+fp/hard\libc_nano.a(libc_a-memchr.o)
 .ARM.exidx     0x0800b37c        0x0 C:/Users/garbe/Desktop/Nouveau dossier/STM32CubeIDE_1.13.1/STM32CubeIDE/plugins/com.st.stm32cube.ide.mcu.externaltools.gnu-tools-for-stm32.13.3.rel1.win32_1.0.0.202411081344/tools/bin/../lib/gcc/arm-none-eabi/13.3.1/thumb/v7e-m+fp/hard\libgcc.a(_udivmoddi4.o)
                                  0x8 (size before relaxing)
                0x0800b37c                        __exidx_end = .
                0x0800b37c                        . = ALIGN (0x4)

.preinit_array  0x0800b37c        0x0
                0x0800b37c                        . = ALIGN (0x4)
                0x0800b37c                        PROVIDE (__preinit_array_start = .)
 *(.preinit_array*)
                0x0800b37c                        PROVIDE (__preinit_array_end = .)
                0x0800b37c                        . = ALIGN (0x4)

.init_array     0x0800b37c        0x4
                0x0800b37c                        . = ALIGN (0x4)
                0x0800b37c                        PROVIDE (__init_array_start = .)
 *(SORT_BY_NAME(.init_array.*))
 *(.init_array*)
 .init_array    0x0800b37c        0x4 C:/Users/garbe/Desktop/Nouveau dossier/STM32CubeIDE_1.13.1/STM32CubeIDE/plugins/com.st.stm32cube.ide.mcu.externaltools.gnu-tools-for-stm32.13.3.rel1.win32_1.0.0.202411081344/tools/bin/../lib/gcc/arm-none-eabi/13.3.1/thumb/v7e-m+fp/hard/crtbegin.o
                0x0800b380                        PROVIDE (__init_array_end = .)
                0x0800b380                        . = ALIGN (0x4)

.fini_array     0x0800b380        0x4
                0x0800b380                        . = ALIGN (0x4)
                [!provide]                        PROVIDE (__fini_array_start = .)
 *(SORT_BY_NAME(.fini_array.*))
 *(.fini_array*)
 .fini_array    0x0800b380        0x4 C:/Users/garbe/Desktop/Nouveau dossier/STM32CubeIDE_1.13.1/STM32CubeIDE/plugins/com.st.stm32cube.ide.mcu.externaltools.gnu-tools-for-stm32.13.3.rel1.win32_1.0.0.202411081344/tools/bin/../lib/gcc/arm-none-eabi/13.3.1/thumb/v7e-m+fp/hard/crtbegin.o
                [!provide]                        PROVIDE (__fini_array_end = .)
                0x0800b384                        . = ALIGN (0x4)
                0x0800b384                        _sidata = LOADADDR (.data)

.rel.dyn        0x0800b384        0x0
 .rel.iplt      0x0800b384        0x0 C:/Users/garbe/Desktop/Nouveau dossier/STM32CubeIDE_1.13.1/STM32CubeIDE/plugins/com.st.stm32cube.ide.mcu.externaltools.gnu-tools-for-stm32.13.3.rel1.win32_1.0.0.202411081344/tools/bin/../lib/gcc/arm-none-eabi/13.3.1/thumb/v7e-m+fp/hard/crtbegin.o

.data           0x20000000       0x78 load address 0x0800b384
                0x20000000                        . = ALIGN (0x4)
                0x20000000                        _sdata = .
 *(.data)
 *(.data*)
 .data.Font_7x10
                0x20000000        0x8 ./Core/Src/fonts.o
                0x20000000                Font_7x10
 .data.Font_16x26
                0x20000008        0x8 ./Core/Src/fonts.o
                0x20000008                Font_16x26
 .data.SystemCoreClock
                0x20000010        0x4 ./Core/Src/system_stm32l4xx.o
                0x20000010                SystemCoreClock
 .data.uwTickPrio
                0x20000014        0x4 ./Drivers/STM32L4xx_HAL_Driver/Src/stm32l4xx_hal.o
                0x20000014                uwTickPrio
 .data.uwTickFreq
                0x20000018        0x1 ./Drivers/STM32L4xx_HAL_Driver/Src/stm32l4xx_hal.o
                0x20000018                uwTickFreq
 *fill*         0x20000019        0x3 
 .data.__sglue  0x2000001c        0xc C:/Users/garbe/Desktop/Nouveau dossier/STM32CubeIDE_1.13.1/STM32CubeIDE/plugins/com.st.stm32cube.ide.mcu.externaltools.gnu-tools-for-stm32.13.3.rel1.win32_1.0.0.202411081344/tools/bin/../lib/gcc/arm-none-eabi/13.3.1/../../../../arm-none-eabi/lib/thumb/v7e-m+fp/hard\libc_nano.a(libc_a-findfp.o)
                0x2000001c                __sglue
 .data._impure_ptr
                0x20000028        0x4 C:/Users/garbe/Desktop/Nouveau dossier/STM32CubeIDE_1.13.1/STM32CubeIDE/plugins/com.st.stm32cube.ide.mcu.externaltools.gnu-tools-for-stm32.13.3.rel1.win32_1.0.0.202411081344/tools/bin/../lib/gcc/arm-none-eabi/13.3.1/../../../../arm-none-eabi/lib/thumb/v7e-m+fp/hard\libc_nano.a(libc_a-impure.o)
                0x20000028                _impure_ptr
 .data._impure_data
                0x2000002c       0x4c C:/Users/garbe/Desktop/Nouveau dossier/STM32CubeIDE_1.13.1/STM32CubeIDE/plugins/com.st.stm32cube.ide.mcu.externaltools.gnu-tools-for-stm32.13.3.rel1.win32_1.0.0.202411081344/tools/bin/../lib/gcc/arm-none-eabi/13.3.1/../../../../arm-none-eabi/lib/thumb/v7e-m+fp/hard\libc_nano.a(libc_a-impure.o)
                0x2000002c                _impure_data
 *(.RamFunc)
 *(.RamFunc*)
                0x20000078                        . = ALIGN (0x4)
                0x20000078                        _edata = .

.igot.plt       0x20000078        0x0 load address 0x0800b3fc
 .igot.plt      0x20000078        0x0 C:/Users/garbe/Desktop/Nouveau dossier/STM32CubeIDE_1.13.1/STM32CubeIDE/plugins/com.st.stm32cube.ide.mcu.externaltools.gnu-tools-for-stm32.13.3.rel1.win32_1.0.0.202411081344/tools/bin/../lib/gcc/arm-none-eabi/13.3.1/thumb/v7e-m+fp/hard/crtbegin.o
                0x20000078                        . = ALIGN (0x4)

.bss            0x20000078      0x908 load address 0x0800b3fc
                0x20000078                        _sbss = .
                0x20000078                        __bss_start__ = _sbss
 *(.bss)
 .bss           0x20000078       0x1c C:/Users/garbe/Desktop/Nouveau dossier/STM32CubeIDE_1.13.1/STM32CubeIDE/plugins/com.st.stm32cube.ide.mcu.externaltools.gnu-tools-for-stm32.13.3.rel1.win32_1.0.0.202411081344/tools/bin/../lib/gcc/arm-none-eabi/13.3.1/thumb/v7e-m+fp/hard/crtbegin.o
 *(.bss*)
 .bss.buff      0x20000094       0xff ./Core/Src/RFID_Card_ReWr.o
 *fill*         0x20000193        0x1 
 .bss.uid       0x20000194        0xa ./Core/Src/RFID_Card_ReWr.o
 *fill*         0x2000019e        0x2 
 .bss.uid_len   0x200001a0        0x4 ./Core/Src/RFID_Card_ReWr.o
 .bss.pn532     0x200001a4       0x18 ./Core/Src/RFID_Card_ReWr.o
                0x200001a4                pn532
 .bss.hadc1     0x200001bc       0x64 ./Core/Src/adc.o
                0x200001bc                hadc1
 .bss.hi2c1     0x20000220       0x54 ./Core/Src/i2c.o
                0x20000220                hi2c1
 .bss.hi2c2     0x20000274       0x54 ./Core/Src/i2c.o
                0x20000274                hi2c2
 .bss.SSD1306_Buffer
                0x200002c8      0x400 ./Core/Src/ssd1306.o
 .bss.SSD1306   0x200006c8        0x6 ./Core/Src/ssd1306.o
 *fill*         0x200006ce        0x2 
 .bss.__sbrk_heap_end
                0x200006d0        0x4 ./Core/Src/sysmem.o
 .bss.htim2     0x200006d4       0x4c ./Core/Src/tim.o
                0x200006d4                htim2
 .bss.huart5    0x20000720       0x88 ./Core/Src/usart.o
                0x20000720                huart5
 .bss.huart2    0x200007a8       0x88 ./Core/Src/usart.o
                0x200007a8                huart2
 .bss.uwTick    0x20000830        0x4 ./Drivers/STM32L4xx_HAL_Driver/Src/stm32l4xx_hal.o
                0x20000830                uwTick
 .bss.__sf      0x20000834      0x138 C:/Users/garbe/Desktop/Nouveau dossier/STM32CubeIDE_1.13.1/STM32CubeIDE/plugins/com.st.stm32cube.ide.mcu.externaltools.gnu-tools-for-stm32.13.3.rel1.win32_1.0.0.202411081344/tools/bin/../lib/gcc/arm-none-eabi/13.3.1/../../../../arm-none-eabi/lib/thumb/v7e-m+fp/hard\libc_nano.a(libc_a-findfp.o)
                0x20000834                __sf
 .bss.__stdio_exit_handler
                0x2000096c        0x4 C:/Users/garbe/Desktop/Nouveau dossier/STM32CubeIDE_1.13.1/STM32CubeIDE/plugins/com.st.stm32cube.ide.mcu.externaltools.gnu-tools-for-stm32.13.3.rel1.win32_1.0.0.202411081344/tools/bin/../lib/gcc/arm-none-eabi/13.3.1/../../../../arm-none-eabi/lib/thumb/v7e-m+fp/hard\libc_nano.a(libc_a-findfp.o)
                0x2000096c                __stdio_exit_handler
 .bss.errno     0x20000970        0x4 C:/Users/garbe/Desktop/Nouveau dossier/STM32CubeIDE_1.13.1/STM32CubeIDE/plugins/com.st.stm32cube.ide.mcu.externaltools.gnu-tools-for-stm32.13.3.rel1.win32_1.0.0.202411081344/tools/bin/../lib/gcc/arm-none-eabi/13.3.1/../../../../arm-none-eabi/lib/thumb/v7e-m+fp/hard\libc_nano.a(libc_a-reent.o)
                0x20000970                errno
 .bss.__lock___malloc_recursive_mutex
                0x20000974        0x1 C:/Users/garbe/Desktop/Nouveau dossier/STM32CubeIDE_1.13.1/STM32CubeIDE/plugins/com.st.stm32cube.ide.mcu.externaltools.gnu-tools-for-stm32.13.3.rel1.win32_1.0.0.202411081344/tools/bin/../lib/gcc/arm-none-eabi/13.3.1/../../../../arm-none-eabi/lib/thumb/v7e-m+fp/hard\libc_nano.a(libc_a-lock.o)
                0x20000974                __lock___malloc_recursive_mutex
 .bss.__lock___sfp_recursive_mutex
                0x20000975        0x1 C:/Users/garbe/Desktop/Nouveau dossier/STM32CubeIDE_1.13.1/STM32CubeIDE/plugins/com.st.stm32cube.ide.mcu.externaltools.gnu-tools-for-stm32.13.3.rel1.win32_1.0.0.202411081344/tools/bin/../lib/gcc/arm-none-eabi/13.3.1/../../../../arm-none-eabi/lib/thumb/v7e-m+fp/hard\libc_nano.a(libc_a-lock.o)
                0x20000975                __lock___sfp_recursive_mutex
 *fill*         0x20000976        0x2 
 .bss.__malloc_sbrk_start
                0x20000978        0x4 C:/Users/garbe/Desktop/Nouveau dossier/STM32CubeIDE_1.13.1/STM32CubeIDE/plugins/com.st.stm32cube.ide.mcu.externaltools.gnu-tools-for-stm32.13.3.rel1.win32_1.0.0.202411081344/tools/bin/../lib/gcc/arm-none-eabi/13.3.1/../../../../arm-none-eabi/lib/thumb/v7e-m+fp/hard\libc_nano.a(libc_a-mallocr.o)
                0x20000978                __malloc_sbrk_start
 .bss.__malloc_free_list
                0x2000097c        0x4 C:/Users/garbe/Desktop/Nouveau dossier/STM32CubeIDE_1.13.1/STM32CubeIDE/plugins/com.st.stm32cube.ide.mcu.externaltools.gnu-tools-for-stm32.13.3.rel1.win32_1.0.0.202411081344/tools/bin/../lib/gcc/arm-none-eabi/13.3.1/../../../../arm-none-eabi/lib/thumb/v7e-m+fp/hard\libc_nano.a(libc_a-mallocr.o)
                0x2000097c                __malloc_free_list
 *(COMMON)
                0x20000980                        . = ALIGN (0x4)
                0x20000980                        _ebss = .
                0x20000980                        __bss_end__ = _ebss

._user_heap_stack
                0x20000980      0x600 load address 0x0800b3fc
                0x20000980                        . = ALIGN (0x8)
                [!provide]                        PROVIDE (end = .)
                0x20000980                        PROVIDE (_end = .)
                0x20000b80                        . = (. + _Min_Heap_Size)
 *fill*         0x20000980      0x200 
                0x20000f80                        . = (. + _Min_Stack_Size)
 *fill*         0x20000b80      0x400 
                0x20000f80                        . = ALIGN (0x8)

/DISCARD/
 libc.a(*)
 libm.a(*)
 libgcc.a(*)

.ARM.attributes
                0x00000000       0x30
 *(.ARM.attributes)
 .ARM.attributes
                0x00000000       0x22 C:/Users/garbe/Desktop/Nouveau dossier/STM32CubeIDE_1.13.1/STM32CubeIDE/plugins/com.st.stm32cube.ide.mcu.externaltools.gnu-tools-for-stm32.13.3.rel1.win32_1.0.0.202411081344/tools/bin/../lib/gcc/arm-none-eabi/13.3.1/thumb/v7e-m+fp/hard/crti.o
 .ARM.attributes
                0x00000022       0x34 C:/Users/garbe/Desktop/Nouveau dossier/STM32CubeIDE_1.13.1/STM32CubeIDE/plugins/com.st.stm32cube.ide.mcu.externaltools.gnu-tools-for-stm32.13.3.rel1.win32_1.0.0.202411081344/tools/bin/../lib/gcc/arm-none-eabi/13.3.1/thumb/v7e-m+fp/hard/crtbegin.o
 .ARM.attributes
                0x00000056       0x34 ./Core/Src/RFID_Card_ReWr.o
 .ARM.attributes
                0x0000008a       0x34 ./Core/Src/RFID_I2C.o
 .ARM.attributes
                0x000000be       0x34 ./Core/Src/Screen.o
 .ARM.attributes
                0x000000f2       0x34 ./Core/Src/adc.o
 .ARM.attributes
                0x00000126       0x34 ./Core/Src/fonts.o
 .ARM.attributes
                0x0000015a       0x34 ./Core/Src/gpio.o
 .ARM.attributes
                0x0000018e       0x34 ./Core/Src/i2c.o
 .ARM.attributes
                0x000001c2       0x34 ./Core/Src/main.o
 .ARM.attributes
                0x000001f6       0x34 ./Core/Src/pn532.o
 .ARM.attributes
                0x0000022a       0x34 ./Core/Src/ssd1306.o
 .ARM.attributes
                0x0000025e       0x34 ./Core/Src/stm32l4xx_hal_msp.o
 .ARM.attributes
                0x00000292       0x34 ./Core/Src/stm32l4xx_it.o
 .ARM.attributes
                0x000002c6       0x34 ./Core/Src/syscalls.o
 .ARM.attributes
                0x000002fa       0x34 ./Core/Src/sysmem.o
 .ARM.attributes
                0x0000032e       0x34 ./Core/Src/system_stm32l4xx.o
 .ARM.attributes
                0x00000362       0x34 ./Core/Src/tim.o
 .ARM.attributes
                0x00000396       0x34 ./Core/Src/usart.o
 .ARM.attributes
                0x000003ca       0x21 ./Core/Startup/startup_stm32l476rgtx.o
 .ARM.attributes
                0x000003eb       0x34 ./Drivers/STM32L4xx_HAL_Driver/Src/stm32l4xx_hal.o
 .ARM.attributes
                0x0000041f       0x34 ./Drivers/STM32L4xx_HAL_Driver/Src/stm32l4xx_hal_adc.o
 .ARM.attributes
                0x00000453       0x34 ./Drivers/STM32L4xx_HAL_Driver/Src/stm32l4xx_hal_adc_ex.o
 .ARM.attributes
                0x00000487       0x34 ./Drivers/STM32L4xx_HAL_Driver/Src/stm32l4xx_hal_cortex.o
 .ARM.attributes
                0x000004bb       0x34 ./Drivers/STM32L4xx_HAL_Driver/Src/stm32l4xx_hal_dma.o
 .ARM.attributes
                0x000004ef       0x34 ./Drivers/STM32L4xx_HAL_Driver/Src/stm32l4xx_hal_gpio.o
 .ARM.attributes
                0x00000523       0x34 ./Drivers/STM32L4xx_HAL_Driver/Src/stm32l4xx_hal_i2c.o
 .ARM.attributes
                0x00000557       0x34 ./Drivers/STM32L4xx_HAL_Driver/Src/stm32l4xx_hal_i2c_ex.o
 .ARM.attributes
                0x0000058b       0x34 ./Drivers/STM32L4xx_HAL_Driver/Src/stm32l4xx_hal_pwr_ex.o
 .ARM.attributes
                0x000005bf       0x34 ./Drivers/STM32L4xx_HAL_Driver/Src/stm32l4xx_hal_rcc.o
 .ARM.attributes
                0x000005f3       0x34 ./Drivers/STM32L4xx_HAL_Driver/Src/stm32l4xx_hal_rcc_ex.o
 .ARM.attributes
                0x00000627       0x34 ./Drivers/STM32L4xx_HAL_Driver/Src/stm32l4xx_hal_tim.o
 .ARM.attributes
                0x0000065b       0x34 ./Drivers/STM32L4xx_HAL_Driver/Src/stm32l4xx_hal_tim_ex.o
 .ARM.attributes
                0x0000068f       0x34 ./Drivers/STM32L4xx_HAL_Driver/Src/stm32l4xx_hal_uart.o
 .ARM.attributes
                0x000006c3       0x34 ./Drivers/STM32L4xx_HAL_Driver/Src/stm32l4xx_hal_uart_ex.o
 .ARM.attributes
                0x000006f7       0x34 C:/Users/garbe/Desktop/Nouveau dossier/STM32CubeIDE_1.13.1/STM32CubeIDE/plugins/com.st.stm32cube.ide.mcu.externaltools.gnu-tools-for-stm32.13.3.rel1.win32_1.0.0.202411081344/tools/bin/../lib/gcc/arm-none-eabi/13.3.1/../../../../arm-none-eabi/lib/thumb/v7e-m+fp/hard\libc_nano.a(libc_a-findfp.o)
 .ARM.attributes
                0x0000072b       0x34 C:/Users/garbe/Desktop/Nouveau dossier/STM32CubeIDE_1.13.1/STM32CubeIDE/plugins/com.st.stm32cube.ide.mcu.externaltools.gnu-tools-for-stm32.13.3.rel1.win32_1.0.0.202411081344/tools/bin/../lib/gcc/arm-none-eabi/13.3.1/../../../../arm-none-eabi/lib/thumb/v7e-m+fp/hard\libc_nano.a(libc_a-fwalk.o)
 .ARM.attributes
                0x0000075f       0x34 C:/Users/garbe/Desktop/Nouveau dossier/STM32CubeIDE_1.13.1/STM32CubeIDE/plugins/com.st.stm32cube.ide.mcu.externaltools.gnu-tools-for-stm32.13.3.rel1.win32_1.0.0.202411081344/tools/bin/../lib/gcc/arm-none-eabi/13.3.1/../../../../arm-none-eabi/lib/thumb/v7e-m+fp/hard\libc_nano.a(libc_a-printf.o)
 .ARM.attributes
                0x00000793       0x34 C:/Users/garbe/Desktop/Nouveau dossier/STM32CubeIDE_1.13.1/STM32CubeIDE/plugins/com.st.stm32cube.ide.mcu.externaltools.gnu-tools-for-stm32.13.3.rel1.win32_1.0.0.202411081344/tools/bin/../lib/gcc/arm-none-eabi/13.3.1/../../../../arm-none-eabi/lib/thumb/v7e-m+fp/hard\libc_nano.a(libc_a-putchar.o)
 .ARM.attributes
                0x000007c7       0x34 C:/Users/garbe/Desktop/Nouveau dossier/STM32CubeIDE_1.13.1/STM32CubeIDE/plugins/com.st.stm32cube.ide.mcu.externaltools.gnu-tools-for-stm32.13.3.rel1.win32_1.0.0.202411081344/tools/bin/../lib/gcc/arm-none-eabi/13.3.1/../../../../arm-none-eabi/lib/thumb/v7e-m+fp/hard\libc_nano.a(libc_a-puts.o)
 .ARM.attributes
                0x000007fb       0x34 C:/Users/garbe/Desktop/Nouveau dossier/STM32CubeIDE_1.13.1/STM32CubeIDE/plugins/com.st.stm32cube.ide.mcu.externaltools.gnu-tools-for-stm32.13.3.rel1.win32_1.0.0.202411081344/tools/bin/../lib/gcc/arm-none-eabi/13.3.1/../../../../arm-none-eabi/lib/thumb/v7e-m+fp/hard\libc_nano.a(libc_a-sprintf.o)
 .ARM.attributes
                0x0000082f       0x34 C:/Users/garbe/Desktop/Nouveau dossier/STM32CubeIDE_1.13.1/STM32CubeIDE/plugins/com.st.stm32cube.ide.mcu.externaltools.gnu-tools-for-stm32.13.3.rel1.win32_1.0.0.202411081344/tools/bin/../lib/gcc/arm-none-eabi/13.3.1/../../../../arm-none-eabi/lib/thumb/v7e-m+fp/hard\libc_nano.a(libc_a-stdio.o)
 .ARM.attributes
                0x00000863       0x34 C:/Users/garbe/Desktop/Nouveau dossier/STM32CubeIDE_1.13.1/STM32CubeIDE/plugins/com.st.stm32cube.ide.mcu.externaltools.gnu-tools-for-stm32.13.3.rel1.win32_1.0.0.202411081344/tools/bin/../lib/gcc/arm-none-eabi/13.3.1/../../../../arm-none-eabi/lib/thumb/v7e-m+fp/hard\libc_nano.a(libc_a-wbuf.o)
 .ARM.attributes
                0x00000897       0x34 C:/Users/garbe/Desktop/Nouveau dossier/STM32CubeIDE_1.13.1/STM32CubeIDE/plugins/com.st.stm32cube.ide.mcu.externaltools.gnu-tools-for-stm32.13.3.rel1.win32_1.0.0.202411081344/tools/bin/../lib/gcc/arm-none-eabi/13.3.1/../../../../arm-none-eabi/lib/thumb/v7e-m+fp/hard\libc_nano.a(libc_a-wsetup.o)
 .ARM.attributes
                0x000008cb       0x34 C:/Users/garbe/Desktop/Nouveau dossier/STM32CubeIDE_1.13.1/STM32CubeIDE/plugins/com.st.stm32cube.ide.mcu.externaltools.gnu-tools-for-stm32.13.3.rel1.win32_1.0.0.202411081344/tools/bin/../lib/gcc/arm-none-eabi/13.3.1/../../../../arm-none-eabi/lib/thumb/v7e-m+fp/hard\libc_nano.a(libc_a-memset.o)
 .ARM.attributes
                0x000008ff       0x34 C:/Users/garbe/Desktop/Nouveau dossier/STM32CubeIDE_1.13.1/STM32CubeIDE/plugins/com.st.stm32cube.ide.mcu.externaltools.gnu-tools-for-stm32.13.3.rel1.win32_1.0.0.202411081344/tools/bin/../lib/gcc/arm-none-eabi/13.3.1/../../../../arm-none-eabi/lib/thumb/v7e-m+fp/hard\libc_nano.a(libc_a-closer.o)
 .ARM.attributes
                0x00000933       0x34 C:/Users/garbe/Desktop/Nouveau dossier/STM32CubeIDE_1.13.1/STM32CubeIDE/plugins/com.st.stm32cube.ide.mcu.externaltools.gnu-tools-for-stm32.13.3.rel1.win32_1.0.0.202411081344/tools/bin/../lib/gcc/arm-none-eabi/13.3.1/../../../../arm-none-eabi/lib/thumb/v7e-m+fp/hard\libc_nano.a(libc_a-reent.o)
 .ARM.attributes
                0x00000967       0x34 C:/Users/garbe/Desktop/Nouveau dossier/STM32CubeIDE_1.13.1/STM32CubeIDE/plugins/com.st.stm32cube.ide.mcu.externaltools.gnu-tools-for-stm32.13.3.rel1.win32_1.0.0.202411081344/tools/bin/../lib/gcc/arm-none-eabi/13.3.1/../../../../arm-none-eabi/lib/thumb/v7e-m+fp/hard\libc_nano.a(libc_a-impure.o)
 .ARM.attributes
                0x0000099b       0x34 C:/Users/garbe/Desktop/Nouveau dossier/STM32CubeIDE_1.13.1/STM32CubeIDE/plugins/com.st.stm32cube.ide.mcu.externaltools.gnu-tools-for-stm32.13.3.rel1.win32_1.0.0.202411081344/tools/bin/../lib/gcc/arm-none-eabi/13.3.1/../../../../arm-none-eabi/lib/thumb/v7e-m+fp/hard\libc_nano.a(libc_a-lseekr.o)
 .ARM.attributes
                0x000009cf       0x34 C:/Users/garbe/Desktop/Nouveau dossier/STM32CubeIDE_1.13.1/STM32CubeIDE/plugins/com.st.stm32cube.ide.mcu.externaltools.gnu-tools-for-stm32.13.3.rel1.win32_1.0.0.202411081344/tools/bin/../lib/gcc/arm-none-eabi/13.3.1/../../../../arm-none-eabi/lib/thumb/v7e-m+fp/hard\libc_nano.a(libc_a-readr.o)
 .ARM.attributes
                0x00000a03       0x34 C:/Users/garbe/Desktop/Nouveau dossier/STM32CubeIDE_1.13.1/STM32CubeIDE/plugins/com.st.stm32cube.ide.mcu.externaltools.gnu-tools-for-stm32.13.3.rel1.win32_1.0.0.202411081344/tools/bin/../lib/gcc/arm-none-eabi/13.3.1/../../../../arm-none-eabi/lib/thumb/v7e-m+fp/hard\libc_nano.a(libc_a-writer.o)
 .ARM.attributes
                0x00000a37       0x34 C:/Users/garbe/Desktop/Nouveau dossier/STM32CubeIDE_1.13.1/STM32CubeIDE/plugins/com.st.stm32cube.ide.mcu.externaltools.gnu-tools-for-stm32.13.3.rel1.win32_1.0.0.202411081344/tools/bin/../lib/gcc/arm-none-eabi/13.3.1/../../../../arm-none-eabi/lib/thumb/v7e-m+fp/hard\libc_nano.a(libc_a-errno.o)
 .ARM.attributes
                0x00000a6b       0x34 C:/Users/garbe/Desktop/Nouveau dossier/STM32CubeIDE_1.13.1/STM32CubeIDE/plugins/com.st.stm32cube.ide.mcu.externaltools.gnu-tools-for-stm32.13.3.rel1.win32_1.0.0.202411081344/tools/bin/../lib/gcc/arm-none-eabi/13.3.1/../../../../arm-none-eabi/lib/thumb/v7e-m+fp/hard\libc_nano.a(libc_a-init.o)
 .ARM.attributes
                0x00000a9f       0x34 C:/Users/garbe/Desktop/Nouveau dossier/STM32CubeIDE_1.13.1/STM32CubeIDE/plugins/com.st.stm32cube.ide.mcu.externaltools.gnu-tools-for-stm32.13.3.rel1.win32_1.0.0.202411081344/tools/bin/../lib/gcc/arm-none-eabi/13.3.1/../../../../arm-none-eabi/lib/thumb/v7e-m+fp/hard\libc_nano.a(libc_a-lock.o)
 .ARM.attributes
                0x00000ad3       0x34 C:/Users/garbe/Desktop/Nouveau dossier/STM32CubeIDE_1.13.1/STM32CubeIDE/plugins/com.st.stm32cube.ide.mcu.externaltools.gnu-tools-for-stm32.13.3.rel1.win32_1.0.0.202411081344/tools/bin/../lib/gcc/arm-none-eabi/13.3.1/../../../../arm-none-eabi/lib/thumb/v7e-m+fp/hard\libc_nano.a(libc_a-freer.o)
 .ARM.attributes
                0x00000b07       0x34 C:/Users/garbe/Desktop/Nouveau dossier/STM32CubeIDE_1.13.1/STM32CubeIDE/plugins/com.st.stm32cube.ide.mcu.externaltools.gnu-tools-for-stm32.13.3.rel1.win32_1.0.0.202411081344/tools/bin/../lib/gcc/arm-none-eabi/13.3.1/../../../../arm-none-eabi/lib/thumb/v7e-m+fp/hard\libc_nano.a(libc_a-mallocr.o)
 .ARM.attributes
                0x00000b3b       0x34 C:/Users/garbe/Desktop/Nouveau dossier/STM32CubeIDE_1.13.1/STM32CubeIDE/plugins/com.st.stm32cube.ide.mcu.externaltools.gnu-tools-for-stm32.13.3.rel1.win32_1.0.0.202411081344/tools/bin/../lib/gcc/arm-none-eabi/13.3.1/../../../../arm-none-eabi/lib/thumb/v7e-m+fp/hard\libc_nano.a(libc_a-mlock.o)
 .ARM.attributes
                0x00000b6f       0x34 C:/Users/garbe/Desktop/Nouveau dossier/STM32CubeIDE_1.13.1/STM32CubeIDE/plugins/com.st.stm32cube.ide.mcu.externaltools.gnu-tools-for-stm32.13.3.rel1.win32_1.0.0.202411081344/tools/bin/../lib/gcc/arm-none-eabi/13.3.1/../../../../arm-none-eabi/lib/thumb/v7e-m+fp/hard\libc_nano.a(libc_a-nano-svfprintf.o)
 .ARM.attributes
                0x00000ba3       0x34 C:/Users/garbe/Desktop/Nouveau dossier/STM32CubeIDE_1.13.1/STM32CubeIDE/plugins/com.st.stm32cube.ide.mcu.externaltools.gnu-tools-for-stm32.13.3.rel1.win32_1.0.0.202411081344/tools/bin/../lib/gcc/arm-none-eabi/13.3.1/../../../../arm-none-eabi/lib/thumb/v7e-m+fp/hard\libc_nano.a(libc_a-nano-vfprintf.o)
 .ARM.attributes
                0x00000bd7       0x34 C:/Users/garbe/Desktop/Nouveau dossier/STM32CubeIDE_1.13.1/STM32CubeIDE/plugins/com.st.stm32cube.ide.mcu.externaltools.gnu-tools-for-stm32.13.3.rel1.win32_1.0.0.202411081344/tools/bin/../lib/gcc/arm-none-eabi/13.3.1/../../../../arm-none-eabi/lib/thumb/v7e-m+fp/hard\libc_nano.a(libc_a-nano-vfprintf_i.o)
 .ARM.attributes
                0x00000c0b       0x34 C:/Users/garbe/Desktop/Nouveau dossier/STM32CubeIDE_1.13.1/STM32CubeIDE/plugins/com.st.stm32cube.ide.mcu.externaltools.gnu-tools-for-stm32.13.3.rel1.win32_1.0.0.202411081344/tools/bin/../lib/gcc/arm-none-eabi/13.3.1/../../../../arm-none-eabi/lib/thumb/v7e-m+fp/hard\libc_nano.a(libc_a-fflush.o)
 .ARM.attributes
                0x00000c3f       0x34 C:/Users/garbe/Desktop/Nouveau dossier/STM32CubeIDE_1.13.1/STM32CubeIDE/plugins/com.st.stm32cube.ide.mcu.externaltools.gnu-tools-for-stm32.13.3.rel1.win32_1.0.0.202411081344/tools/bin/../lib/gcc/arm-none-eabi/13.3.1/../../../../arm-none-eabi/lib/thumb/v7e-m+fp/hard\libc_nano.a(libc_a-makebuf.o)
 .ARM.attributes
                0x00000c73       0x34 C:/Users/garbe/Desktop/Nouveau dossier/STM32CubeIDE_1.13.1/STM32CubeIDE/plugins/com.st.stm32cube.ide.mcu.externaltools.gnu-tools-for-stm32.13.3.rel1.win32_1.0.0.202411081344/tools/bin/../lib/gcc/arm-none-eabi/13.3.1/../../../../arm-none-eabi/lib/thumb/v7e-m+fp/hard\libc_nano.a(libc_a-putc.o)
 .ARM.attributes
                0x00000ca7       0x34 C:/Users/garbe/Desktop/Nouveau dossier/STM32CubeIDE_1.13.1/STM32CubeIDE/plugins/com.st.stm32cube.ide.mcu.externaltools.gnu-tools-for-stm32.13.3.rel1.win32_1.0.0.202411081344/tools/bin/../lib/gcc/arm-none-eabi/13.3.1/../../../../arm-none-eabi/lib/thumb/v7e-m+fp/hard\libc_nano.a(libc_a-memmove.o)
 .ARM.attributes
                0x00000cdb       0x34 C:/Users/garbe/Desktop/Nouveau dossier/STM32CubeIDE_1.13.1/STM32CubeIDE/plugins/com.st.stm32cube.ide.mcu.externaltools.gnu-tools-for-stm32.13.3.rel1.win32_1.0.0.202411081344/tools/bin/../lib/gcc/arm-none-eabi/13.3.1/../../../../arm-none-eabi/lib/thumb/v7e-m+fp/hard\libc_nano.a(libc_a-fstatr.o)
 .ARM.attributes
                0x00000d0f       0x34 C:/Users/garbe/Desktop/Nouveau dossier/STM32CubeIDE_1.13.1/STM32CubeIDE/plugins/com.st.stm32cube.ide.mcu.externaltools.gnu-tools-for-stm32.13.3.rel1.win32_1.0.0.202411081344/tools/bin/../lib/gcc/arm-none-eabi/13.3.1/../../../../arm-none-eabi/lib/thumb/v7e-m+fp/hard\libc_nano.a(libc_a-isattyr.o)
 .ARM.attributes
                0x00000d43       0x34 C:/Users/garbe/Desktop/Nouveau dossier/STM32CubeIDE_1.13.1/STM32CubeIDE/plugins/com.st.stm32cube.ide.mcu.externaltools.gnu-tools-for-stm32.13.3.rel1.win32_1.0.0.202411081344/tools/bin/../lib/gcc/arm-none-eabi/13.3.1/../../../../arm-none-eabi/lib/thumb/v7e-m+fp/hard\libc_nano.a(libc_a-sbrkr.o)
 .ARM.attributes
                0x00000d77       0x1c C:/Users/garbe/Desktop/Nouveau dossier/STM32CubeIDE_1.13.1/STM32CubeIDE/plugins/com.st.stm32cube.ide.mcu.externaltools.gnu-tools-for-stm32.13.3.rel1.win32_1.0.0.202411081344/tools/bin/../lib/gcc/arm-none-eabi/13.3.1/../../../../arm-none-eabi/lib/thumb/v7e-m+fp/hard\libc_nano.a(libc_a-memchr.o)
 .ARM.attributes
                0x00000d93       0x34 C:/Users/garbe/Desktop/Nouveau dossier/STM32CubeIDE_1.13.1/STM32CubeIDE/plugins/com.st.stm32cube.ide.mcu.externaltools.gnu-tools-for-stm32.13.3.rel1.win32_1.0.0.202411081344/tools/bin/../lib/gcc/arm-none-eabi/13.3.1/../../../../arm-none-eabi/lib/thumb/v7e-m+fp/hard\libc_nano.a(libc_a-memcpy-stub.o)
 .ARM.attributes
                0x00000dc7       0x34 C:/Users/garbe/Desktop/Nouveau dossier/STM32CubeIDE_1.13.1/STM32CubeIDE/plugins/com.st.stm32cube.ide.mcu.externaltools.gnu-tools-for-stm32.13.3.rel1.win32_1.0.0.202411081344/tools/bin/../lib/gcc/arm-none-eabi/13.3.1/../../../../arm-none-eabi/lib/thumb/v7e-m+fp/hard\libc_nano.a(libc_a-reallocr.o)
 .ARM.attributes
                0x00000dfb       0x34 C:/Users/garbe/Desktop/Nouveau dossier/STM32CubeIDE_1.13.1/STM32CubeIDE/plugins/com.st.stm32cube.ide.mcu.externaltools.gnu-tools-for-stm32.13.3.rel1.win32_1.0.0.202411081344/tools/bin/../lib/gcc/arm-none-eabi/13.3.1/../../../../arm-none-eabi/lib/thumb/v7e-m+fp/hard\libc_nano.a(libc_a-msizer.o)
 .ARM.attributes
                0x00000e2f       0x22 C:/Users/garbe/Desktop/Nouveau dossier/STM32CubeIDE_1.13.1/STM32CubeIDE/plugins/com.st.stm32cube.ide.mcu.externaltools.gnu-tools-for-stm32.13.3.rel1.win32_1.0.0.202411081344/tools/bin/../lib/gcc/arm-none-eabi/13.3.1/thumb/v7e-m+fp/hard\libgcc.a(_aeabi_uldivmod.o)
 .ARM.attributes
                0x00000e51       0x34 C:/Users/garbe/Desktop/Nouveau dossier/STM32CubeIDE_1.13.1/STM32CubeIDE/plugins/com.st.stm32cube.ide.mcu.externaltools.gnu-tools-for-stm32.13.3.rel1.win32_1.0.0.202411081344/tools/bin/../lib/gcc/arm-none-eabi/13.3.1/thumb/v7e-m+fp/hard\libgcc.a(_udivmoddi4.o)
 .ARM.attributes
                0x00000e85       0x22 C:/Users/garbe/Desktop/Nouveau dossier/STM32CubeIDE_1.13.1/STM32CubeIDE/plugins/com.st.stm32cube.ide.mcu.externaltools.gnu-tools-for-stm32.13.3.rel1.win32_1.0.0.202411081344/tools/bin/../lib/gcc/arm-none-eabi/13.3.1/thumb/v7e-m+fp/hard\libgcc.a(_dvmd_tls.o)
 .ARM.attributes
                0x00000ea7       0x22 C:/Users/garbe/Desktop/Nouveau dossier/STM32CubeIDE_1.13.1/STM32CubeIDE/plugins/com.st.stm32cube.ide.mcu.externaltools.gnu-tools-for-stm32.13.3.rel1.win32_1.0.0.202411081344/tools/bin/../lib/gcc/arm-none-eabi/13.3.1/thumb/v7e-m+fp/hard/crtn.o
OUTPUT(Caisse_enregistreuse-teste.elf elf32-littlearm)
LOAD linker stubs
LOAD C:/Users/garbe/Desktop/Nouveau dossier/STM32CubeIDE_1.13.1/STM32CubeIDE/plugins/com.st.stm32cube.ide.mcu.externaltools.gnu-tools-for-stm32.13.3.rel1.win32_1.0.0.202411081344/tools/bin/../lib/gcc/arm-none-eabi/13.3.1/../../../../arm-none-eabi/lib/thumb/v7e-m+fp/hard\libc.a